Archive member included to satisfy reference by file (symbol)

c:/devkitPro/libctru/lib\libctru.a(gfx.o)
                              main.o (gfxInitDefault)
c:/devkitPro/libctru/lib\libctru.a(console.o)
                              main.o (consoleInit)
c:/devkitPro/libctru/lib\libctru.a(gx.o)
                              c:/devkitPro/libctru/lib\libctru.a(gfx.o) (gxCmdBuf)
c:/devkitPro/libctru/lib\libctru.a(hid.o)
                              main.o (hidScanInput)
c:/devkitPro/libctru/lib\libctru.a(apt.o)
                              main.o (aptMainLoop)
c:/devkitPro/libctru/lib\libctru.a(gspgpu.o)
                              c:/devkitPro/libctru/lib\libctru.a(gfx.o) (gspInit)
c:/devkitPro/libctru/lib\libctru.a(irrst.o)
                              c:/devkitPro/libctru/lib\libctru.a(hid.o) (irrstScanInput)
c:/devkitPro/libctru/lib\libctru.a(initArgv.o)
                              c:/devkitpro/devkitarm/bin/../lib/gcc/arm-none-eabi/7.1.0/../../../../arm-none-eabi/lib/armv6k/fpu/3dsx_crt0.o (__system_argc)
c:/devkitPro/libctru/lib\libctru.a(initSystem.o)
                              c:/devkitPro/libctru/lib\libctru.a(apt.o) (__system_retAddr)
c:/devkitPro/libctru/lib\libctru.a(svc.o)
                              c:/devkitPro/libctru/lib\libctru.a(apt.o) (svcExitProcess)
c:/devkitPro/libctru/lib\libctru.a(stack_adjust.o)
                              c:/devkitpro/devkitarm/bin/../lib/gcc/arm-none-eabi/7.1.0/../../../../arm-none-eabi/lib/armv6k/fpu/3dsx_crt0.o (initSystem)
c:/devkitPro/libctru/lib\libctru.a(default_font.bin.o)
                              c:/devkitPro/libctru/lib\libctru.a(console.o) (default_font_bin)
c:/devkitPro/libctru/lib\libctru.a(linear.o)
                              c:/devkitPro/libctru/lib\libctru.a(gfx.o) (linearAlloc)
c:/devkitPro/libctru/lib\libctru.a(mappable.o)
                              c:/devkitPro/libctru/lib\libctru.a(gfx.o) (mappableAlloc)
c:/devkitPro/libctru/lib\libctru.a(vram.o)
                              c:/devkitPro/libctru/lib\libctru.a(gfx.o) (vramAlloc)
c:/devkitPro/libctru/lib\libctru.a(thread.o)
                              c:/devkitPro/libctru/lib\libctru.a(apt.o) (threadCreate)
c:/devkitPro/libctru/lib\libctru.a(srv.o)
                              c:/devkitPro/libctru/lib\libctru.a(apt.o) (srvInit)
c:/devkitPro/libctru/lib\libctru.a(os.o)
                              c:/devkitPro/libctru/lib\libctru.a(apt.o) (__ctru_speedup_config)
c:/devkitPro/libctru/lib\libctru.a(env.o)
                              c:/devkitPro/libctru/lib\libctru.a(irrst.o) (envGetHandle)
c:/devkitPro/libctru/lib\libctru.a(synchronization.o)
                              c:/devkitPro/libctru/lib\libctru.a(initSystem.o) (__sync_init)
c:/devkitPro/libctru/lib\libctru.a(ptmsysm.o)
                              c:/devkitPro/libctru/lib\libctru.a(os.o) (ptmSysmInit)
c:/devkitPro/libctru/lib\libctru.a(rbtree_find.o)
                              c:/devkitPro/libctru/lib\libctru.a(linear.o) (rbtree_find)
c:/devkitPro/libctru/lib\libctru.a(rbtree_remove.o)
                              c:/devkitPro/libctru/lib\libctru.a(linear.o) (rbtree_remove)
c:/devkitPro/libctru/lib\libctru.a(rbtree_iterator.o)
                              c:/devkitPro/libctru/lib\libctru.a(rbtree_remove.o) (rbtree_node_next)
c:/devkitPro/libctru/lib\libctru.a(rbtree_rotate.o)
                              c:/devkitPro/libctru/lib\libctru.a(rbtree_remove.o) (rbtree_rotate)
c:/devkitPro/libctru/lib\libctru.a(rbtree_insert.o)
                              c:/devkitPro/libctru/lib\libctru.a(linear.o) (rbtree_insert)
c:/devkitPro/libctru/lib\libctru.a(rbtree_init.o)
                              c:/devkitPro/libctru/lib\libctru.a(linear.o) (rbtree_init)
c:/devkitPro/libctru/lib\libctru.a(ctru_exit.o)
                              c:/devkitPro/libctru/lib\libctru.a(stack_adjust.o) (__libctru_exit)
c:/devkitPro/libctru/lib\libctru.a(appExit.o)
                              c:/devkitPro/libctru/lib\libctru.a(stack_adjust.o) (__appExit)
c:/devkitPro/libctru/lib\libctru.a(allocateHeaps.o)
                              c:/devkitPro/libctru/lib\libctru.a(initSystem.o) (__system_allocateHeaps)
c:/devkitPro/libctru/lib\libctru.a(syscalls.o)
                              c:/devkitPro/libctru/lib\libctru.a(initSystem.o) (__system_initSyscalls)
c:/devkitPro/libctru/lib\libctru.a(appInit.o)
                              c:/devkitPro/libctru/lib\libctru.a(stack_adjust.o) (__appInit)
c:/devkitPro/libctru/lib\libctru.a(mem_pool.o)
                              c:/devkitPro/libctru/lib\libctru.a(linear.o) (MemPool::Allocate(MemChunk&, unsigned long, int))
c:/devkitPro/libctru/lib\libctru.a(sdmc_dev.o)
                              c:/devkitPro/libctru/lib\libctru.a(appInit.o) (sdmcInit)
c:/devkitPro/libctru/lib\libctru.a(fs.o)
                              c:/devkitPro/libctru/lib\libctru.a(appInit.o) (fsInit)
[...]
Memory Configuration

Name             Origin             Length             Attributes
*default*        0x00000000         0xffffffff

Linker script and memory map

                0x00100000                PROVIDE (__start__, 0x100000)
                0x00100000                . = __start__

.text           0x00100000    0x1f644
 *(.crt0)
 .crt0          0x00100000       0x94 c:/devkitpro/devkitarm/bin/../lib/gcc/arm-none-eabi/7.1.0/../../../../arm-none-eabi/lib/armv6k/fpu/3dsx_crt0.o
                0x00100000                _start
                0x00100008                __service_ptr
                0x0010000c                __apt_appid
                0x00100010                __heap_size
                0x00100014                __linear_heap_size
                0x00100018                __system_arglist
                0x0010001c                __system_runflags
 *(.init)
 .init          0x00100094        0xc c:/devkitpro/devkitarm/bin/../lib/gcc/arm-none-eabi/7.1.0/armv6k/fpu/crti.o
                0x00100094                _init
 .init          0x001000a0        0xc c:/devkitpro/devkitarm/bin/../lib/gcc/arm-none-eabi/7.1.0/armv6k/fpu/crtn.o
                0x001000ac                . = ALIGN (0x4)
 *(.text)
 .text          0x001000ac       0x64 c:/devkitPro/libctru/lib\libctru.a(stack_adjust.o)
                0x001000ac                initSystem
                0x001000f0                __ctru_exit
 .text          0x00100110      0x240 c:/devkitpro/devkitarm/bin/../lib/gcc/arm-none-eabi/7.1.0/armv6k/fpu\libgcc.a(_divsi3.o)
                0x00100110                __divsi3
                0x00100110                __aeabi_idiv
                0x00100330                __aeabi_idivmod
 .text          0x00100350        0x4 c:/devkitpro/devkitarm/bin/../lib/gcc/arm-none-eabi/7.1.0/armv6k/fpu\libgcc.a(_dvmd_tls.o)
                0x00100350                __aeabi_idiv0
                0x00100350                __aeabi_ldiv0
 .text          0x00100354       0x3c c:/devkitpro/devkitarm/bin/../lib/gcc/arm-none-eabi/7.1.0/armv6k/fpu\libgcc.a(_aeabi_uldivmod.o)
                0x00100354                __aeabi_uldivmod
 *fill*         0x00100390       0x10 
 .text          0x001003a0      0x390 c:/devkitpro/devkitarm/bin/../lib/gcc/arm-none-eabi/7.1.0/../../../../arm-none-eabi/lib/armv6k/fpu\libg.a(lib_a-strcmp.o)
                0x001003a8                strcmp
 .text          0x00100730      0x20c c:/devkitpro/devkitarm/bin/../lib/gcc/arm-none-eabi/7.1.0/armv6k/fpu\libgcc.a(_udivsi3.o)
                0x00100730                __aeabi_uidiv
                0x00100730                __udivsi3
                0x0010091c                __aeabi_uidivmod
 *(.text.*)
 .text.deregister_tm_clones
                0x0010093c       0x2c c:/devkitpro/devkitarm/bin/../lib/gcc/arm-none-eabi/7.1.0/armv6k/fpu/crtbegin.o
 .text.register_tm_clones
                0x00100968       0x38 c:/devkitpro/devkitarm/bin/../lib/gcc/arm-none-eabi/7.1.0/armv6k/fpu/crtbegin.o
 .text.__do_global_dtors_aux
                0x001009a0       0x44 c:/devkitpro/devkitarm/bin/../lib/gcc/arm-none-eabi/7.1.0/armv6k/fpu/crtbegin.o
 .text.frame_dummy
                0x001009e4       0x34 c:/devkitpro/devkitarm/bin/../lib/gcc/arm-none-eabi/7.1.0/armv6k/fpu/crtbegin.o
 .text.startup.main
                0x00100a18       0xa0 main.o
                0x00100a18                main
 .text.gfxSetFramebufferInfo.part.0
                0x00100ab8       0x8c c:/devkitPro/libctru/lib\libctru.a(gfx.o)
 .text.__get_bytes_per_pixel
                0x00100b44       0x18 c:/devkitPro/libctru/lib\libctru.a(gfx.o)
                0x00100b44                __get_bytes_per_pixel
 .text.gfxSetScreenFormat
                0x00100b5c      0x180 c:/devkitPro/libctru/lib\libctru.a(gfx.o)
                0x00100b5c                gfxSetScreenFormat
 .text.gfxSetDoubleBuffering
                0x00100cdc       0x10 c:/devkitPro/libctru/lib\libctru.a(gfx.o)
                0x00100cdc                gfxSetDoubleBuffering
 .text.gfxSetFramebufferInfo
                0x00100cec       0x70 c:/devkitPro/libctru/lib\libctru.a(gfx.o)
                0x00100cec                gfxSetFramebufferInfo
 .text.gfxWriteFramebufferInfo
                0x00100d5c       0xb0 c:/devkitPro/libctru/lib\libctru.a(gfx.o)
                0x00100d5c                gfxWriteFramebufferInfo
 .text.gfxInit  0x00100e0c      0x20c c:/devkitPro/libctru/lib\libctru.a(gfx.o)
                0x00100e0c                gfxInit
 .text.gfxInitDefault
                0x00101018       0x10 c:/devkitPro/libctru/lib\libctru.a(gfx.o)
                0x00101018                gfxInitDefault
 .text.gfxExit  0x00101028       0xe0 c:/devkitPro/libctru/lib\libctru.a(gfx.o)
                0x00101028                gfxExit
 .text.gfxGetFramebuffer
                0x00101108       0xbc c:/devkitPro/libctru/lib\libctru.a(gfx.o)
                0x00101108                gfxGetFramebuffer
 .text.gfxFlushBuffers
                0x001011c4       0xe0 c:/devkitPro/libctru/lib\libctru.a(gfx.o)
                0x001011c4                gfxFlushBuffers
 .text.gfxConfigScreen
                0x001012a4       0x60 c:/devkitPro/libctru/lib\libctru.a(gfx.o)
                0x001012a4                gfxConfigScreen
 .text.gfxSwapBuffersGpu
                0x00101304       0x20 c:/devkitPro/libctru/lib\libctru.a(gfx.o)
                0x00101304                gfxSwapBuffersGpu
 .text.consoleDrawChar
                0x00101324      0x1b0 c:/devkitPro/libctru/lib\libctru.a(console.o)
                0x00101324                consoleDrawChar
 .text.consolePrintChar
                0x001014d4      0x124 c:/devkitPro/libctru/lib\libctru.a(console.o)
                0x001014d4                consolePrintChar
 .text.consoleCls
                0x001015f8      0x190 c:/devkitPro/libctru/lib\libctru.a(console.o)
 .text.consoleInit
                0x00101788      0x104 c:/devkitPro/libctru/lib\libctru.a(console.o)
                0x00101788                consoleInit
 .text.consoleClearLine
                0x0010188c      0x144 c:/devkitPro/libctru/lib\libctru.a(console.o)
 .text.newRow   0x001019d0       0xbc c:/devkitPro/libctru/lib\libctru.a(console.o)
 .text.con_write
                0x00101a8c      0x7e4 c:/devkitPro/libctru/lib\libctru.a(console.o)
                0x00101a8c                con_write
 .text.hidExit  0x00102270       0xd0 c:/devkitPro/libctru/lib\libctru.a(hid.o)
                0x00102270                hidExit
 .text.hidScanInput
                0x00102340      0x268 c:/devkitPro/libctru/lib\libctru.a(hid.o)
                0x00102340                hidScanInput
 .text.HIDUSER_GetHandles
                0x001025a8       0x90 c:/devkitPro/libctru/lib\libctru.a(hid.o)
                0x001025a8                HIDUSER_GetHandles
 .text.hidInit  0x00102638      0x1ac c:/devkitPro/libctru/lib\libctru.a(hid.o)
                0x00102638                hidInit
 .text._aptDebug
                0x001027e4        0x4 c:/devkitPro/libctru/lib\libctru.a(apt.o)
                0x001027e4                _aptDebug
 .text.aptSendCommand
                0x001027e8      0x138 c:/devkitPro/libctru/lib\libctru.a(apt.o)
                0x001027e8                aptSendCommand
 .text.aptExitProcess
                0x00102920       0x3c c:/devkitPro/libctru/lib\libctru.a(apt.o)
 .text.APT_InquireNotification
                0x0010295c       0x4c c:/devkitPro/libctru/lib\libctru.a(apt.o)
                0x0010295c                APT_InquireNotification
 .text.aptEventHandler
                0x001029a8      0x19c c:/devkitPro/libctru/lib\libctru.a(apt.o)
 .text.APT_AppletUtility
                0x00102b44       0x74 c:/devkitPro/libctru/lib\libctru.a(apt.o)
                0x00102b44                APT_AppletUtility
 .text.aptSetSleepAllowed
                0x00102bb8       0xb4 c:/devkitPro/libctru/lib\libctru.a(apt.o)
                0x00102bb8                aptSetSleepAllowed
 .text.APT_GlanceParameter
                0x00102c6c       0xb4 c:/devkitPro/libctru/lib\libctru.a(apt.o)
                0x00102c6c                APT_GlanceParameter
 .text.APT_ReceiveParameter
                0x00102d20       0xc0 c:/devkitPro/libctru/lib\libctru.a(apt.o)
                0x00102d20                APT_ReceiveParameter
 .text.aptReceiveParameter.constprop.0
                0x00102de0       0xbc c:/devkitPro/libctru/lib\libctru.a(apt.o)
 *fill*         0x00102e9c        0x4 
 .text.aptScreenTransfer
                0x00102ea0      0x1ec c:/devkitPro/libctru/lib\libctru.a(apt.o)
 .text.aptWaitForWakeUp
                0x0010308c      0x228 c:/devkitPro/libctru/lib\libctru.a(apt.o)
 .text.APT_CancelParameter
                0x001032b4       0x70 c:/devkitPro/libctru/lib\libctru.a(apt.o)
                0x001032b4                APT_CancelParameter
 .text.aptInit  0x00103324      0x27c c:/devkitPro/libctru/lib\libctru.a(apt.o)
                0x00103324                aptInit
 .text.aptClearParamQueue
                0x001035a0       0x90 c:/devkitPro/libctru/lib\libctru.a(apt.o)
 .text.aptMainLoop
                0x00103630      0x210 c:/devkitPro/libctru/lib\libctru.a(apt.o)
                0x00103630                aptMainLoop
 .text.aptExit  0x00103840      0x21c c:/devkitPro/libctru/lib\libctru.a(apt.o)
                0x00103840                aptExit
 .text.APT_CheckNew3DS
                0x00103a5c       0x7c c:/devkitPro/libctru/lib\libctru.a(apt.o)
                0x00103a5c                APT_CheckNew3DS
 .text.gspInit  0x00103ad8       0x74 c:/devkitPro/libctru/lib\libctru.a(gspgpu.o)
                0x00103ad8                gspInit
 .text.gspExit  0x00103b4c       0x3c c:/devkitPro/libctru/lib\libctru.a(gspgpu.o)
                0x00103b4c                gspExit
 .text.gspInitEventHandler
                0x00103b88       0xa0 c:/devkitPro/libctru/lib\libctru.a(gspgpu.o)
                0x00103b88                gspInitEventHandler
 .text.gspExitEventHandler
                0x00103c28       0x40 c:/devkitPro/libctru/lib\libctru.a(gspgpu.o)
                0x00103c28                gspExitEventHandler
 .text.gspWaitForEvent
                0x00103c68       0x44 c:/devkitPro/libctru/lib\libctru.a(gspgpu.o)
                0x00103c68                gspWaitForEvent
 .text.gxCmdQueueInterrupt
                0x00103cac        0x4 c:/devkitPro/libctru/lib\libctru.a(gspgpu.o)
                0x00103cac                gxCmdQueueInterrupt
 .text.gspEventThreadMain
                0x00103cb0      0x17c c:/devkitPro/libctru/lib\libctru.a(gspgpu.o)
 .text.GSPGPU_SetBufferSwap
                0x00103e2c       0x6c c:/devkitPro/libctru/lib\libctru.a(gspgpu.o)
                0x00103e2c                GSPGPU_SetBufferSwap
 .text.GSPGPU_FlushDataCache
                0x00103e98       0x4c c:/devkitPro/libctru/lib\libctru.a(gspgpu.o)
                0x00103e98                GSPGPU_FlushDataCache
 .text.GSPGPU_SetLcdForceBlack
                0x00103ee4       0x34 c:/devkitPro/libctru/lib\libctru.a(gspgpu.o)
                0x00103ee4                GSPGPU_SetLcdForceBlack
 .text.GSPGPU_RegisterInterruptRelayQueue
                0x00103f18       0x64 c:/devkitPro/libctru/lib\libctru.a(gspgpu.o)
                0x00103f18                GSPGPU_RegisterInterruptRelayQueue
 .text.GSPGPU_UnregisterInterruptRelayQueue
                0x00103f7c       0x2c c:/devkitPro/libctru/lib\libctru.a(gspgpu.o)
                0x00103f7c                GSPGPU_UnregisterInterruptRelayQueue
 .text.GSPGPU_AcquireRight
                0x00103fa8       0x48 c:/devkitPro/libctru/lib\libctru.a(gspgpu.o)
                0x00103fa8                GSPGPU_AcquireRight
 .text.GSPGPU_ReleaseRight
                0x00103ff0       0x2c c:/devkitPro/libctru/lib\libctru.a(gspgpu.o)
                0x00103ff0                GSPGPU_ReleaseRight
 .text.GSPGPU_ImportDisplayCaptureInfo
                0x0010401c       0x80 c:/devkitPro/libctru/lib\libctru.a(gspgpu.o)
                0x0010401c                GSPGPU_ImportDisplayCaptureInfo
 .text.GSPGPU_SaveVramSysArea
                0x0010409c       0x2c c:/devkitPro/libctru/lib\libctru.a(gspgpu.o)
                0x0010409c                GSPGPU_SaveVramSysArea
 .text.GSPGPU_RestoreVramSysArea
                0x001040c8       0x2c c:/devkitPro/libctru/lib\libctru.a(gspgpu.o)
                0x001040c8                GSPGPU_RestoreVramSysArea
 .text.irrstScanInput
                0x001040f4       0xac c:/devkitPro/libctru/lib\libctru.a(irrst.o)
                0x001040f4                irrstScanInput
 .text.irrstKeysHeld
                0x001041a0       0x24 c:/devkitPro/libctru/lib\libctru.a(irrst.o)
                0x001041a0                irrstKeysHeld
 .text.IRRST_GetHandles
                0x001041c4       0x50 c:/devkitPro/libctru/lib\libctru.a(irrst.o)
                0x001041c4                IRRST_GetHandles
 .text.irrstInit
                0x00104214      0x15c c:/devkitPro/libctru/lib\libctru.a(irrst.o)
                0x00104214                irrstInit
 .text.IRRST_Shutdown
                0x00104370       0x2c c:/devkitPro/libctru/lib\libctru.a(irrst.o)
                0x00104370                IRRST_Shutdown
 .text.irrstExit
                0x0010439c       0xac c:/devkitPro/libctru/lib\libctru.a(irrst.o)
                0x0010439c                irrstExit
 .text.__system_initArgv
                0x00104448       0xe8 c:/devkitPro/libctru/lib\libctru.a(initArgv.o)
                0x00104448                __system_initArgv
 .text.__libctru_init
                0x00104530       0x38 c:/devkitPro/libctru/lib\libctru.a(initSystem.o)
                0x00104530                __libctru_init
 .text.svcControlMemory
                0x00104568       0x20 c:/devkitPro/libctru/lib\libctru.a(svc.o)
                0x00104568                svcControlMemory
 .text.svcExitProcess
                0x00104588        0x8 c:/devkitPro/libctru/lib\libctru.a(svc.o)
                0x00104588                svcExitProcess
 .text.svcCreateThread
                0x00104590       0x20 c:/devkitPro/libctru/lib\libctru.a(svc.o)
                0x00104590                svcCreateThread
 .text.svcExitThread
                0x001045b0        0x8 c:/devkitPro/libctru/lib\libctru.a(svc.o)
                0x001045b0                svcExitThread
 .text.svcSleepThread
                0x001045b8        0x8 c:/devkitPro/libctru/lib\libctru.a(svc.o)
                0x001045b8                svcSleepThread
 .text.svcReleaseMutex
                0x001045c0        0x8 c:/devkitPro/libctru/lib\libctru.a(svc.o)
                0x001045c0                svcReleaseMutex
 .text.svcCreateEvent
                0x001045c8       0x14 c:/devkitPro/libctru/lib\libctru.a(svc.o)
                0x001045c8                svcCreateEvent
 .text.svcSignalEvent
                0x001045dc        0x8 c:/devkitPro/libctru/lib\libctru.a(svc.o)
                0x001045dc                svcSignalEvent
 .text.svcClearEvent
                0x001045e4        0x8 c:/devkitPro/libctru/lib\libctru.a(svc.o)
                0x001045e4                svcClearEvent
 .text.svcMapMemoryBlock
                0x001045ec        0x8 c:/devkitPro/libctru/lib\libctru.a(svc.o)
                0x001045ec                svcMapMemoryBlock
 .text.svcUnmapMemoryBlock
                0x001045f4        0x8 c:/devkitPro/libctru/lib\libctru.a(svc.o)
                0x001045f4                svcUnmapMemoryBlock
 .text.svcCreateAddressArbiter
                0x001045fc       0x14 c:/devkitPro/libctru/lib\libctru.a(svc.o)
                0x001045fc                svcCreateAddressArbiter
 .text.svcArbitrateAddress
                0x00104610       0x18 c:/devkitPro/libctru/lib\libctru.a(svc.o)
                0x00104610                svcArbitrateAddress
 .text.svcCloseHandle
                0x00104628        0x8 c:/devkitPro/libctru/lib\libctru.a(svc.o)
                0x00104628                svcCloseHandle
 .text.svcWaitSynchronization
                0x00104630        0x8 c:/devkitPro/libctru/lib\libctru.a(svc.o)
                0x00104630                svcWaitSynchronization
 .text.svcWaitSynchronizationN
                0x00104638       0x28 c:/devkitPro/libctru/lib\libctru.a(svc.o)
                0x00104638                svcWaitSynchronizationN
 .text.svcDuplicateHandle
                0x00104660       0x14 c:/devkitPro/libctru/lib\libctru.a(svc.o)
                0x00104660                svcDuplicateHandle
 .text.svcGetSystemTick
                0x00104674        0x8 c:/devkitPro/libctru/lib\libctru.a(svc.o)
                0x00104674                svcGetSystemTick
 .text.svcGetSystemInfo
                0x0010467c       0x18 c:/devkitPro/libctru/lib\libctru.a(svc.o)
                0x0010467c                svcGetSystemInfo
 .text.svcConnectToPort
                0x00104694       0x14 c:/devkitPro/libctru/lib\libctru.a(svc.o)
                0x00104694                svcConnectToPort
 .text.svcSendSyncRequest
                0x001046a8        0x8 c:/devkitPro/libctru/lib\libctru.a(svc.o)
                0x001046a8                svcSendSyncRequest
 .text.svcBreak
                0x001046b0        0x8 c:/devkitPro/libctru/lib\libctru.a(svc.o)
                0x001046b0                svcBreak
 .text._ZL21addrMapNodeComparatorPK11rbtree_nodeS1_
                0x001046b8       0x24 c:/devkitPro/libctru/lib\libctru.a(linear.o)
 .text._ZL21addrMapNodeDestructorP11rbtree_node
                0x001046dc        0x4 c:/devkitPro/libctru/lib\libctru.a(linear.o)
 .text.linearMemAlign
                0x001046e0      0x13c c:/devkitPro/libctru/lib\libctru.a(linear.o)
                0x001046e0                linearMemAlign
 .text.linearAlloc
                0x0010481c        0x8 c:/devkitPro/libctru/lib\libctru.a(linear.o)
                0x0010481c                linearAlloc
 .text.linearFree
                0x00104824       0x50 c:/devkitPro/libctru/lib\libctru.a(linear.o)
                0x00104824                linearFree
 .text._ZL21addrMapNodeComparatorPK11rbtree_nodeS1_
                0x00104874       0x24 c:/devkitPro/libctru/lib\libctru.a(mappable.o)
 .text._ZL21addrMapNodeDestructorP11rbtree_node
                0x00104898        0x4 c:/devkitPro/libctru/lib\libctru.a(mappable.o)
 .text.mappableAlloc
                0x0010489c       0xf4 c:/devkitPro/libctru/lib\libctru.a(mappable.o)
                0x0010489c                mappableAlloc
 .text.mappableFree
                0x00104990       0x50 c:/devkitPro/libctru/lib\libctru.a(mappable.o)
                0x00104990                mappableFree
 .text._ZL21addrMapNodeComparatorPK11rbtree_nodeS1_
                0x001049e0       0x24 c:/devkitPro/libctru/lib\libctru.a(vram.o)
 .text._ZL21addrMapNodeDestructorP11rbtree_node
                0x00104a04        0x4 c:/devkitPro/libctru/lib\libctru.a(vram.o)
 .text.vramMemAlign
                0x00104a08      0x12c c:/devkitPro/libctru/lib\libctru.a(vram.o)
                0x00104a08                vramMemAlign
 .text.vramAlloc
                0x00104b34        0x8 c:/devkitPro/libctru/lib\libctru.a(vram.o)
                0x00104b34                vramAlloc
 .text.vramFree
                0x00104b3c       0x50 c:/devkitPro/libctru/lib\libctru.a(vram.o)
                0x00104b3c                vramFree
 .text.threadFree.part.0
                0x00104b8c       0x1c c:/devkitPro/libctru/lib\libctru.a(thread.o)
 .text.threadCreate
                0x00104ba8      0x1bc c:/devkitPro/libctru/lib\libctru.a(thread.o)
                0x00104ba8                threadCreate
 .text.threadJoin
                0x00104d64       0x24 c:/devkitPro/libctru/lib\libctru.a(thread.o)
                0x00104d64                threadJoin
 .text.threadExit
                0x00104d88       0x64 c:/devkitPro/libctru/lib\libctru.a(thread.o)
                0x00104d88                threadExit
 .text._thread_begin
                0x00104dec       0x40 c:/devkitPro/libctru/lib\libctru.a(thread.o)
 .text.srvExit  0x00104e2c       0x58 c:/devkitPro/libctru/lib\libctru.a(srv.o)
                0x00104e2c                srvExit
 .text.srvRegisterClient
                0x00104e84       0x38 c:/devkitPro/libctru/lib\libctru.a(srv.o)
                0x00104e84                srvRegisterClient
 .text.srvInit  0x00104ebc       0x7c c:/devkitPro/libctru/lib\libctru.a(srv.o)
                0x00104ebc                srvInit
 .text.srvGetServiceHandleDirect
                0x00104f38       0x6c c:/devkitPro/libctru/lib\libctru.a(srv.o)
                0x00104f38                srvGetServiceHandleDirect
 .text.srvGetServiceHandle
                0x00104fa4       0x38 c:/devkitPro/libctru/lib\libctru.a(srv.o)
                0x00104fa4                srvGetServiceHandle
 .text.getSysTime
                0x00104fdc       0x58 c:/devkitPro/libctru/lib\libctru.a(os.o)
 .text.osGetMemRegionUsed
                0x00105034       0x24 c:/devkitPro/libctru/lib\libctru.a(os.o)
                0x00105034                osGetMemRegionUsed
 .text.__libctru_gtod
                0x00105058       0xf4 c:/devkitPro/libctru/lib\libctru.a(os.o)
                0x00105058                __libctru_gtod
 .text.__ctru_speedup_config
                0x0010514c       0x34 c:/devkitPro/libctru/lib\libctru.a(os.o)
                0x0010514c                __ctru_speedup_config
 .text.envGetHandle
                0x00105180       0x84 c:/devkitPro/libctru/lib\libctru.a(env.o)
                0x00105180                envGetHandle
 .text.envDestroyHandles
                0x00105204       0x4c c:/devkitPro/libctru/lib\libctru.a(env.o)
                0x00105204                envDestroyHandles
 .text.LightLock_Unlock.part.1
                0x00105250       0x34 c:/devkitPro/libctru/lib\libctru.a(synchronization.o)
 .text.__sync_init
                0x00105284        0xc c:/devkitPro/libctru/lib\libctru.a(synchronization.o)
                0x00105284                __sync_init
 .text.__sync_fini
                0x00105290       0x18 c:/devkitPro/libctru/lib\libctru.a(synchronization.o)
                0x00105290                __sync_fini
 .text.__sync_get_arbiter
                0x001052a8       0x10 c:/devkitPro/libctru/lib\libctru.a(synchronization.o)
                0x001052a8                __sync_get_arbiter
 .text.LightLock_Init
                0x001052b8       0x18 c:/devkitPro/libctru/lib\libctru.a(synchronization.o)
                0x001052b8                LightLock_Init
 .text.LightLock_Lock
                0x001052d0       0xa0 c:/devkitPro/libctru/lib\libctru.a(synchronization.o)
                0x001052d0                LightLock_Lock
 .text.LightLock_TryLock
                0x00105370       0x34 c:/devkitPro/libctru/lib\libctru.a(synchronization.o)
                0x00105370                LightLock_TryLock
 .text.LightLock_Unlock
                0x001053a4       0x20 c:/devkitPro/libctru/lib\libctru.a(synchronization.o)
                0x001053a4                LightLock_Unlock
 .text.RecursiveLock_Init
                0x001053c4       0x24 c:/devkitPro/libctru/lib\libctru.a(synchronization.o)
                0x001053c4                RecursiveLock_Init
 .text.RecursiveLock_Lock
                0x001053e8       0x30 c:/devkitPro/libctru/lib\libctru.a(synchronization.o)
                0x001053e8                RecursiveLock_Lock
 .text.RecursiveLock_TryLock
                0x00105418       0x58 c:/devkitPro/libctru/lib\libctru.a(synchronization.o)
                0x00105418                RecursiveLock_TryLock
 .text.RecursiveLock_Unlock
                0x00105470       0x38 c:/devkitPro/libctru/lib\libctru.a(synchronization.o)
                0x00105470                RecursiveLock_Unlock
 .text.LightEvent_Init
                0x001054a8       0x38 c:/devkitPro/libctru/lib\libctru.a(synchronization.o)
                0x001054a8                LightEvent_Init
 .text.LightEvent_Clear
                0x001054e0       0x7c c:/devkitPro/libctru/lib\libctru.a(synchronization.o)
                0x001054e0                LightEvent_Clear
 .text.LightEvent_Signal
                0x0010555c       0xdc c:/devkitPro/libctru/lib\libctru.a(synchronization.o)
                0x0010555c                LightEvent_Signal
 .text.LightEvent_Wait
                0x00105638       0xd0 c:/devkitPro/libctru/lib\libctru.a(synchronization.o)
                0x00105638                LightEvent_Wait
 .text.ptmSysmInit
                0x00105708       0x74 c:/devkitPro/libctru/lib\libctru.a(ptmsysm.o)
                0x00105708                ptmSysmInit
 .text.ptmSysmExit
                0x0010577c       0x3c c:/devkitPro/libctru/lib\libctru.a(ptmsysm.o)
                0x0010577c                ptmSysmExit
 .text.PTMSYSM_ConfigureNew3DSCPU
                0x001057b8       0x34 c:/devkitPro/libctru/lib\libctru.a(ptmsysm.o)
                0x001057b8                PTMSYSM_ConfigureNew3DSCPU
 .text.rbtree_find
                0x001057ec       0x70 c:/devkitPro/libctru/lib\libctru.a(rbtree_find.o)
                0x001057ec                rbtree_find
 .text.rbtree_remove
                0x0010585c      0x324 c:/devkitPro/libctru/lib\libctru.a(rbtree_remove.o)
                0x0010585c                rbtree_remove
 .text.rbtree_node_next
                0x00105b80       0x74 c:/devkitPro/libctru/lib\libctru.a(rbtree_iterator.o)
                0x00105b80                rbtree_node_next
 .text.rbtree_rotate
                0x00105bf4       0x94 c:/devkitPro/libctru/lib\libctru.a(rbtree_rotate.o)
                0x00105bf4                rbtree_rotate
 .text.do_insert
                0x00105c88      0x18c c:/devkitPro/libctru/lib\libctru.a(rbtree_insert.o)
 .text.rbtree_insert
                0x00105e14        0x8 c:/devkitPro/libctru/lib\libctru.a(rbtree_insert.o)
                0x00105e14                rbtree_insert
 .text.rbtree_init
                0x00105e1c       0x14 c:/devkitPro/libctru/lib\libctru.a(rbtree_init.o)
                0x00105e1c                rbtree_init
 .text.__libctru_exit
                0x00105e30       0xa4 c:/devkitPro/libctru/lib\libctru.a(ctru_exit.o)
                0x00105e30                __libctru_exit
 .text.__appExit
                0x00105ed4       0x1c c:/devkitPro/libctru/lib\libctru.a(appExit.o)
                0x00105ed4                __appExit
 .text.osGetMemRegionSize
                0x00105ef0       0x58 c:/devkitPro/libctru/lib\libctru.a(allocateHeaps.o)
 .text.__system_allocateHeaps
                0x00105f48      0x104 c:/devkitPro/libctru/lib\libctru.a(allocateHeaps.o)
                0x00105f48                __system_allocateHeaps
 .text.__ctru_get_reent
                0x0010604c       0x30 c:/devkitPro/libctru/lib\libctru.a(syscalls.o)
 .text.__system_initSyscalls
                0x0010607c       0xe4 c:/devkitPro/libctru/lib\libctru.a(syscalls.o)
                0x0010607c                __system_initSyscalls
 .text.__appInit
                0x00106160       0x1c c:/devkitPro/libctru/lib\libctru.a(appInit.o)
                0x00106160                __appInit
 .text._ZN7MemPool13CoalesceRightEP8MemBlock
                0x0010617c       0x98 c:/devkitPro/libctru/lib\libctru.a(mem_pool.o)
                0x0010617c                MemPool::CoalesceRight(MemBlock*)
 .text._ZN7MemPool8AllocateER8MemChunkmi
                0x00106214      0x178 c:/devkitPro/libctru/lib\libctru.a(mem_pool.o)
                0x00106214                MemPool::Allocate(MemChunk&, unsigned long, int)
 .text._ZN7MemPool10DeallocateERK8MemChunk
                0x0010638c      0x100 c:/devkitPro/libctru/lib\libctru.a(mem_pool.o)
                0x0010638c                MemPool::Deallocate(MemChunk const&)
 .text.sdmc_link
                0x0010648c       0x10 c:/devkitPro/libctru/lib\libctru.a(sdmc_dev.o)
 .text.sdmc_dirreset
                0x0010649c       0x10 c:/devkitPro/libctru/lib\libctru.a(sdmc_dev.o)
 .text.sdmc_fchmod
                0x001064ac       0x10 c:/devkitPro/libctru/lib\libctru.a(sdmc_dev.o)
 .text.error_cmp
                0x001064bc       0x24 c:/devkitPro/libctru/lib\libctru.a(sdmc_dev.o)
 .text.sdmc_translate_error
                0x001064e0       0x50 c:/devkitPro/libctru/lib\libctru.a(sdmc_dev.o)
 .text.sdmc_fsync
                0x00106530       0x34 c:/devkitPro/libctru/lib\libctru.a(sdmc_dev.o)
 .text.sdmc_ftruncate
                0x00106564       0x54 c:/devkitPro/libctru/lib\libctru.a(sdmc_dev.o)
 .text.sdmc_statvfs
                0x001065b8       0xb8 c:/devkitPro/libctru/lib\libctru.a(sdmc_dev.o)
 .text.sdmc_dirclose
                0x00106670       0x38 c:/devkitPro/libctru/lib\libctru.a(sdmc_dev.o)
 .text.sdmc_dirnext
                0x001066a8      0x138 c:/devkitPro/libctru/lib\libctru.a(sdmc_dev.o)
 .text.sdmc_close
                0x001067e0       0x34 c:/devkitPro/libctru/lib\libctru.a(sdmc_dev.o)
 .text.sdmc_fstat
                0x00106814       0x74 c:/devkitPro/libctru/lib\libctru.a(sdmc_dev.o)
 .text.sdmc_seek
                0x00106888       0xd8 c:/devkitPro/libctru/lib\libctru.a(sdmc_dev.o)
 .text.sdmc_read
                0x00106960       0x84 c:/devkitPro/libctru/lib\libctru.a(sdmc_dev.o)
 .text.sdmc_write
                0x001069e4       0xb8 c:/devkitPro/libctru/lib\libctru.a(sdmc_dev.o)
 .text.sdmc_utf16path
                0x00106a9c      0x1a8 c:/devkitPro/libctru/lib\libctru.a(sdmc_dev.o)
 .text.sdmc_rmdir
                0x00106c44       0x74 c:/devkitPro/libctru/lib\libctru.a(sdmc_dev.o)
 .text.sdmc_diropen
                0x00106cb8       0xa4 c:/devkitPro/libctru/lib\libctru.a(sdmc_dev.o)
 .text.sdmc_chdir
                0x00106d5c       0xa0 c:/devkitPro/libctru/lib\libctru.a(sdmc_dev.o)
 .text.sdmc_mkdir
                0x00106dfc       0x98 c:/devkitPro/libctru/lib\libctru.a(sdmc_dev.o)
 .text.sdmc_rename
                0x00106e94      0x108 c:/devkitPro/libctru/lib\libctru.a(sdmc_dev.o)
 .text.sdmc_unlink
                0x00106f9c       0x74 c:/devkitPro/libctru/lib\libctru.a(sdmc_dev.o)
 .text.sdmc_stat
                0x00107010      0x108 c:/devkitPro/libctru/lib\libctru.a(sdmc_dev.o)
 .text.sdmc_open
                0x00107118      0x188 c:/devkitPro/libctru/lib\libctru.a(sdmc_dev.o)
 .text.sdmc_chmod
                0x001072a0       0x10 c:/devkitPro/libctru/lib\libctru.a(sdmc_dev.o)
 .text.sdmcInit
                0x001072b0      0x160 c:/devkitPro/libctru/lib\libctru.a(sdmc_dev.o)
                0x001072b0                sdmcInit
 .text.sdmcExit
                0x00107410       0x60 c:/devkitPro/libctru/lib\libctru.a(sdmc_dev.o)
                0x00107410                sdmcExit
 .text.fsSessionForArchive.part.0
                0x00107470       0x28 c:/devkitPro/libctru/lib\libctru.a(fs.o)
 .text.fsInit   0x00107498       0xcc c:/devkitPro/libctru/lib\libctru.a(fs.o)
                0x00107498                fsInit
 .text.fsExit   0x00107564       0x3c c:/devkitPro/libctru/lib\libctru.a(fs.o)
                0x00107564                fsExit
 .text.fsExemptFromSession
                0x001075a0       0xa0 c:/devkitPro/libctru/lib\libctru.a(fs.o)
                0x001075a0                fsExemptFromSession
 .text.fsUnexemptFromSession
                0x00107640       0x50 c:/devkitPro/libctru/lib\libctru.a(fs.o)
                0x00107640                fsUnexemptFromSession
 .text.FSUSER_OpenFile
                0x00107690       0xbc c:/devkitPro/libctru/lib\libctru.a(fs.o)
                0x00107690                FSUSER_OpenFile
 .text.FSUSER_DeleteFile
                0x0010774c       0xa4 c:/devkitPro/libctru/lib\libctru.a(fs.o)
                0x0010774c                FSUSER_DeleteFile
 .text.FSUSER_RenameFile
                0x001077f0       0xe0 c:/devkitPro/libctru/lib\libctru.a(fs.o)
                0x001077f0                FSUSER_RenameFile
 .text.FSUSER_DeleteDirectory
                0x001078d0       0xa4 c:/devkitPro/libctru/lib\libctru.a(fs.o)
                0x001078d0                FSUSER_DeleteDirectory
 .text.FSUSER_CreateFile
                0x00107974       0xbc c:/devkitPro/libctru/lib\libctru.a(fs.o)
                0x00107974                FSUSER_CreateFile
 .text.FSUSER_CreateDirectory
                0x00107a30       0xac c:/devkitPro/libctru/lib\libctru.a(fs.o)
                0x00107a30                FSUSER_CreateDirectory
 .text.FSUSER_RenameDirectory
                0x00107adc       0xe0 c:/devkitPro/libctru/lib\libctru.a(fs.o)
                0x00107adc                FSUSER_RenameDirectory
 .text.FSUSER_OpenDirectory
                0x00107bbc       0xa4 c:/devkitPro/libctru/lib\libctru.a(fs.o)
                0x00107bbc                FSUSER_OpenDirectory
 .text.FSUSER_OpenArchive
                0x00107c60       0x98 c:/devkitPro/libctru/lib\libctru.a(fs.o)
                0x00107c60                FSUSER_OpenArchive
 .text.FSUSER_CloseArchive
                0x00107cf8       0x74 c:/devkitPro/libctru/lib\libctru.a(fs.o)
                0x00107cf8                FSUSER_CloseArchive
 .text.FSUSER_GetSdmcArchiveResource
                0x00107d6c       0x78 c:/devkitPro/libctru/lib\libctru.a(fs.o)
                0x00107d6c                FSUSER_GetSdmcArchiveResource
 .text.FSUSER_IsSdmcWritable
                0x00107de4       0x64 c:/devkitPro/libctru/lib\libctru.a(fs.o)
                0x00107de4                FSUSER_IsSdmcWritable
 .text.FSFILE_Read
                0x00107e48       0x5c c:/devkitPro/libctru/lib\libctru.a(fs.o)
                0x00107e48                FSFILE_Read
 .text.FSFILE_Write
                0x00107ea4       0x64 c:/devkitPro/libctru/lib\libctru.a(fs.o)
                0x00107ea4                FSFILE_Write
 .text.FSFILE_GetSize
                0x00107f08       0x3c c:/devkitPro/libctru/lib\libctru.a(fs.o)
                0x00107f08                FSFILE_GetSize
 .text.FSFILE_SetSize
                0x00107f44       0x2c c:/devkitPro/libctru/lib\libctru.a(fs.o)
                0x00107f44                FSFILE_SetSize
 .text.FSFILE_Close
                0x00107f70       0x3c c:/devkitPro/libctru/lib\libctru.a(fs.o)
                0x00107f70                FSFILE_Close
 .text.FSFILE_Flush
                0x00107fac       0x24 c:/devkitPro/libctru/lib\libctru.a(fs.o)
                0x00107fac                FSFILE_Flush
 .text.FSDIR_Read
                0x00107fd0       0x54 c:/devkitPro/libctru/lib\libctru.a(fs.o)
                0x00107fd0                FSDIR_Read
 .text.FSDIR_Close
                0x00108024       0x3c c:/devkitPro/libctru/lib\libctru.a(fs.o)
                0x00108024                FSDIR_Close
 .text.utf8_to_utf16
                0x00108060       0xc0 c:/devkitPro/libctru/lib\libctru.a(utf8_to_utf16.o)
                0x00108060                utf8_to_utf16
 .text.decode_utf8
                0x00108120      0x138 c:/devkitPro/libctru/lib\libctru.a(decode_utf8.o)
                0x00108120                decode_utf8
 .text.utf16_to_utf8
                0x00108258       0xe8 c:/devkitPro/libctru/lib\libctru.a(utf16_to_utf8.o)
                0x00108258                utf16_to_utf8
 .text.encode_utf8
                0x00108340      0x104 c:/devkitPro/libctru/lib\libctru.a(encode_utf8.o)
                0x00108340                encode_utf8
 .text.encode_utf16
                0x00108444       0x68 c:/devkitPro/libctru/lib\libctru.a(encode_utf16.o)
                0x00108444                encode_utf16
 .text.__aeabi_read_tp
                0x001084ac        0xc c:/devkitPro/libctru/lib\libctru.a(readtp.o)
                0x001084ac                __aeabi_read_tp
 .text.decode_utf16
                0x001084b8       0x60 c:/devkitPro/libctru/lib\libctru.a(decode_utf16.o)
                0x001084b8                decode_utf16
 .text.__udivmoddi4
                0x00108518      0x158 c:/devkitpro/devkitarm/bin/../lib/gcc/arm-none-eabi/7.1.0/armv6k/fpu\libgcc.a(_udivmoddi4.o)
                0x00108518                __udivmoddi4
 .text.bsearch  0x00108670       0x74 c:/devkitpro/devkitarm/bin/../lib/gcc/arm-none-eabi/7.1.0/../../../../arm-none-eabi/lib/armv6k/fpu\libg.a(lib_a-bsearch.o)
                0x00108670                bsearch
 .text.__libc_fini_array
                0x001086e4       0x40 c:/devkitpro/devkitarm/bin/../lib/gcc/arm-none-eabi/7.1.0/../../../../arm-none-eabi/lib/armv6k/fpu\libg.a(lib_a-fini.o)
                0x001086e4                __libc_fini_array
 .text.__libc_init_array
                0x00108724       0x7c c:/devkitpro/devkitarm/bin/../lib/gcc/arm-none-eabi/7.1.0/../../../../arm-none-eabi/lib/armv6k/fpu\libg.a(lib_a-init.o)
                0x00108724                __libc_init_array
 .text.memalign
                0x001087a0       0x20 c:/devkitpro/devkitarm/bin/../lib/gcc/arm-none-eabi/7.1.0/../../../../arm-none-eabi/lib/armv6k/fpu\libg.a(lib_a-malign.o)
                0x001087a0                memalign
 .text._memalign_r
                0x001087c0      0x158 c:/devkitpro/devkitarm/bin/../lib/gcc/arm-none-eabi/7.1.0/../../../../arm-none-eabi/lib/armv6k/fpu\libg.a(lib_a-malignr.o)
                0x001087c0                _memalign_r
 .text.malloc   0x00108918       0x18 c:/devkitpro/devkitarm/bin/../lib/gcc/arm-none-eabi/7.1.0/../../../../arm-none-eabi/lib/armv6k/fpu\libg.a(lib_a-malloc.o)
                0x00108918                malloc
 .text.free     0x00108930       0x18 c:/devkitpro/devkitarm/bin/../lib/gcc/arm-none-eabi/7.1.0/../../../../arm-none-eabi/lib/armv6k/fpu\libg.a(lib_a-malloc.o)
                0x00108930                free
 .text._malloc_r
                0x00108948      0x7a8 c:/devkitpro/devkitarm/bin/../lib/gcc/arm-none-eabi/7.1.0/../../../../arm-none-eabi/lib/armv6k/fpu\libg.a(lib_a-mallocr.o)
                0x00108948                _malloc_r
 .text.memchr   0x001090f0      0x100 c:/devkitpro/devkitarm/bin/../lib/gcc/arm-none-eabi/7.1.0/../../../../arm-none-eabi/lib/armv6k/fpu\libg.a(lib_a-memchr-stub.o)
                0x001090f0                memchr
 .text.memcpy   0x001091f0      0x10c c:/devkitpro/devkitarm/bin/../lib/gcc/arm-none-eabi/7.1.0/../../../../arm-none-eabi/lib/armv6k/fpu\libg.a(lib_a-memcpy-stub.o)
                0x001091f0                memcpy
 .text.memset   0x001092fc      0x110 c:/devkitpro/devkitarm/bin/../lib/gcc/arm-none-eabi/7.1.0/../../../../arm-none-eabi/lib/armv6k/fpu\libg.a(lib_a-memset.o)
                0x001092fc                memset
 .text.__malloc_lock
                0x0010940c        0xc c:/devkitpro/devkitarm/bin/../lib/gcc/arm-none-eabi/7.1.0/../../../../arm-none-eabi/lib/armv6k/fpu\libg.a(lib_a-mlock.o)
                0x0010940c                __malloc_lock
 .text.__malloc_unlock
                0x00109418        0xc c:/devkitpro/devkitarm/bin/../lib/gcc/arm-none-eabi/7.1.0/../../../../arm-none-eabi/lib/armv6k/fpu\libg.a(lib_a-mlock.o)
                0x00109418                __malloc_unlock
 .text._puts_r  0x00109424       0xe0 c:/devkitpro/devkitarm/bin/../lib/gcc/arm-none-eabi/7.1.0/../../../../arm-none-eabi/lib/armv6k/fpu\libg.a(lib_a-puts.o)
                0x00109424                _puts_r
 .text.puts     0x00109504       0x18 c:/devkitpro/devkitarm/bin/../lib/gcc/arm-none-eabi/7.1.0/../../../../arm-none-eabi/lib/armv6k/fpu\libg.a(lib_a-puts.o)
                0x00109504                puts
 .text.setvbuf  0x0010951c      0x264 c:/devkitpro/devkitarm/bin/../lib/gcc/arm-none-eabi/7.1.0/../../../../arm-none-eabi/lib/armv6k/fpu\libg.a(lib_a-setvbuf.o)
                0x0010951c                setvbuf
 .text.sscanf   0x00109780       0x74 c:/devkitpro/devkitarm/bin/../lib/gcc/arm-none-eabi/7.1.0/../../../../arm-none-eabi/lib/armv6k/fpu\libg.a(lib_a-sscanf.o)
                0x00109780                sscanf
 .text.__sread  0x001097f4       0x3c c:/devkitpro/devkitarm/bin/../lib/gcc/arm-none-eabi/7.1.0/../../../../arm-none-eabi/lib/armv6k/fpu\libg.a(lib_a-stdio.o)
                0x001097f4                __sread
 .text.__seofread
                0x00109830        0x8 c:/devkitpro/devkitarm/bin/../lib/gcc/arm-none-eabi/7.1.0/../../../../arm-none-eabi/lib/armv6k/fpu\libg.a(lib_a-stdio.o)
                0x00109830                __seofread
 .text.__swrite
                0x00109838       0x64 c:/devkitpro/devkitarm/bin/../lib/gcc/arm-none-eabi/7.1.0/../../../../arm-none-eabi/lib/armv6k/fpu\libg.a(lib_a-stdio.o)
                0x00109838                __swrite
 .text.__sseek  0x0010989c       0x4c c:/devkitpro/devkitarm/bin/../lib/gcc/arm-none-eabi/7.1.0/../../../../arm-none-eabi/lib/armv6k/fpu\libg.a(lib_a-stdio.o)
                0x0010989c                __sseek
 .text.__sclose
                0x001098e8        0x8 c:/devkitpro/devkitarm/bin/../lib/gcc/arm-none-eabi/7.1.0/../../../../arm-none-eabi/lib/armv6k/fpu\libg.a(lib_a-stdio.o)
                0x001098e8                __sclose
 .text.strlen   0x001098f0       0x5c c:/devkitpro/devkitarm/bin/../lib/gcc/arm-none-eabi/7.1.0/../../../../arm-none-eabi/lib/armv6k/fpu\libg.a(lib_a-strlen-stub.o)
                0x001098f0                strlen
 .text.strncat  0x0010994c       0x98 c:/devkitpro/devkitarm/bin/../lib/gcc/arm-none-eabi/7.1.0/../../../../arm-none-eabi/lib/armv6k/fpu\libg.a(lib_a-strncat.o)
                0x0010994c                strncat
 .text.strncpy  0x001099e4       0xd8 c:/devkitpro/devkitarm/bin/../lib/gcc/arm-none-eabi/7.1.0/../../../../arm-none-eabi/lib/armv6k/fpu\libg.a(lib_a-strncpy.o)
                0x001099e4                strncpy
 .text.strnlen  0x00109abc       0x5c c:/devkitpro/devkitarm/bin/../lib/gcc/arm-none-eabi/7.1.0/../../../../arm-none-eabi/lib/armv6k/fpu\libg.a(lib_a-strnlen.o)
                0x00109abc                strnlen
 .text.__ssvfscanf_r
                0x00109b18     0x27c8 c:/devkitpro/devkitarm/bin/../lib/gcc/arm-none-eabi/7.1.0/../../../../arm-none-eabi/lib/armv6k/fpu\libg.a(lib_a-svfscanf.o)
                0x00109b18                __ssvfscanf_r
 .text._wcrtomb_r
                0x0010c2e0       0xa0 c:/devkitpro/devkitarm/bin/../lib/gcc/arm-none-eabi/7.1.0/../../../../arm-none-eabi/lib/armv6k/fpu\libg.a(lib_a-wcrtomb.o)
                0x0010c2e0                _wcrtomb_r
 .text._wcsrtombs_r
                0x0010c380       0x20 c:/devkitpro/devkitarm/bin/../lib/gcc/arm-none-eabi/7.1.0/../../../../arm-none-eabi/lib/armv6k/fpu\libg.a(lib_a-wcsrtombs.o)
                0x0010c380                _wcsrtombs_r
 .text.__swsetup_r
                0x0010c3a0      0x148 c:/devkitpro/devkitarm/bin/../lib/gcc/arm-none-eabi/7.1.0/../../../../arm-none-eabi/lib/armv6k/fpu\libg.a(lib_a-wsetup.o)
                0x0010c3a0                __swsetup_r
 .text.__sflush_r
                0x0010c4e8      0x26c c:/devkitpro/devkitarm/bin/../lib/gcc/arm-none-eabi/7.1.0/../../../../arm-none-eabi/lib/armv6k/fpu\libg.a(lib_a-fflush.o)
                0x0010c4e8                __sflush_r
 .text._fflush_r
                0x0010c754       0x94 c:/devkitpro/devkitarm/bin/../lib/gcc/arm-none-eabi/7.1.0/../../../../arm-none-eabi/lib/armv6k/fpu\libg.a(lib_a-fflush.o)
                0x0010c754                _fflush_r
 .text._cleanup_r
                0x0010c7e8        0xc c:/devkitpro/devkitarm/bin/../lib/gcc/arm-none-eabi/7.1.0/../../../../arm-none-eabi/lib/armv6k/fpu\libg.a(lib_a-findfp.o)
                0x0010c7e8                _cleanup_r
 .text.std.isra.0
                0x0010c7f4       0x78 c:/devkitpro/devkitarm/bin/../lib/gcc/arm-none-eabi/7.1.0/../../../../arm-none-eabi/lib/armv6k/fpu\libg.a(lib_a-findfp.o)
 .text.__sinit  0x0010c86c       0x8c c:/devkitpro/devkitarm/bin/../lib/gcc/arm-none-eabi/7.1.0/../../../../arm-none-eabi/lib/armv6k/fpu\libg.a(lib_a-findfp.o)
                0x0010c86c                __sinit
 .text.__sfp_lock_acquire
                0x0010c8f8        0xc c:/devkitpro/devkitarm/bin/../lib/gcc/arm-none-eabi/7.1.0/../../../../arm-none-eabi/lib/armv6k/fpu\libg.a(lib_a-findfp.o)
                0x0010c8f8                __sfp_lock_acquire
 .text.__sfp_lock_release
                0x0010c904        0xc c:/devkitpro/devkitarm/bin/../lib/gcc/arm-none-eabi/7.1.0/../../../../arm-none-eabi/lib/armv6k/fpu\libg.a(lib_a-findfp.o)
                0x0010c904                __sfp_lock_release
 .text._malloc_trim_r
                0x0010c910       0xf8 c:/devkitpro/devkitarm/bin/../lib/gcc/arm-none-eabi/7.1.0/../../../../arm-none-eabi/lib/armv6k/fpu\libg.a(lib_a-freer.o)
                0x0010c910                _malloc_trim_r
 .text._free_r  0x0010ca08      0x2e4 c:/devkitpro/devkitarm/bin/../lib/gcc/arm-none-eabi/7.1.0/../../../../arm-none-eabi/lib/armv6k/fpu\libg.a(lib_a-freer.o)
                0x0010ca08                _free_r
 .text.__sfvwrite_r
                0x0010ccec      0x498 c:/devkitpro/devkitarm/bin/../lib/gcc/arm-none-eabi/7.1.0/../../../../arm-none-eabi/lib/armv6k/fpu\libg.a(lib_a-fvwrite.o)
                0x0010ccec                __sfvwrite_r
 .text._fwalk_reent
                0x0010d184       0x78 c:/devkitpro/devkitarm/bin/../lib/gcc/arm-none-eabi/7.1.0/../../../../arm-none-eabi/lib/armv6k/fpu\libg.a(lib_a-fwalk.o)
                0x0010d184                _fwalk_reent
 .text.iswspace
                0x0010d1fc       0x74 c:/devkitpro/devkitarm/bin/../lib/gcc/arm-none-eabi/7.1.0/../../../../arm-none-eabi/lib/armv6k/fpu\libg.a(lib_a-iswspace.o)
                0x0010d1fc                iswspace
 .text.__jp2uc  0x0010d270      0x1e0 c:/devkitpro/devkitarm/bin/../lib/gcc/arm-none-eabi/7.1.0/../../../../arm-none-eabi/lib/armv6k/fpu\libg.a(lib_a-jp2uc.o)
 .text._jp2uc   0x0010d450       0xc4 c:/devkitpro/devkitarm/bin/../lib/gcc/arm-none-eabi/7.1.0/../../../../arm-none-eabi/lib/armv6k/fpu\libg.a(lib_a-jp2uc.o)
                0x0010d450                _jp2uc
 .text.__localeconv_l
                0x0010d514        0x8 c:/devkitpro/devkitarm/bin/../lib/gcc/arm-none-eabi/7.1.0/../../../../arm-none-eabi/lib/armv6k/fpu\libg.a(lib_a-localeconv.o)
                0x0010d514                __localeconv_l
 .text._localeconv_r
                0x0010d51c       0x24 c:/devkitpro/devkitarm/bin/../lib/gcc/arm-none-eabi/7.1.0/../../../../arm-none-eabi/lib/armv6k/fpu\libg.a(lib_a-localeconv.o)
                0x0010d51c                _localeconv_r
 .text.__locale_mb_cur_max
                0x0010d540       0x24 c:/devkitpro/devkitarm/bin/../lib/gcc/arm-none-eabi/7.1.0/../../../../arm-none-eabi/lib/armv6k/fpu\libg.a(lib_a-locale.o)
                0x0010d540                __locale_mb_cur_max
 .text.__locale_ctype_ptr_l
                0x0010d564        0x8 c:/devkitpro/devkitarm/bin/../lib/gcc/arm-none-eabi/7.1.0/../../../../arm-none-eabi/lib/armv6k/fpu\libg.a(lib_a-locale.o)
                0x0010d564                __locale_ctype_ptr_l
 .text.__locale_ctype_ptr
                0x0010d56c       0x24 c:/devkitpro/devkitarm/bin/../lib/gcc/arm-none-eabi/7.1.0/../../../../arm-none-eabi/lib/armv6k/fpu\libg.a(lib_a-locale.o)
                0x0010d56c                __locale_ctype_ptr
 .text.__swhatbuf_r
                0x0010d590       0x94 c:/devkitpro/devkitarm/bin/../lib/gcc/arm-none-eabi/7.1.0/../../../../arm-none-eabi/lib/armv6k/fpu\libg.a(lib_a-makebuf.o)
                0x0010d590                __swhatbuf_r
 .text.__smakebuf_r
                0x0010d624       0xf4 c:/devkitpro/devkitarm/bin/../lib/gcc/arm-none-eabi/7.1.0/../../../../arm-none-eabi/lib/armv6k/fpu\libg.a(lib_a-makebuf.o)
                0x0010d624                __smakebuf_r
 .text._mbrtowc_r
                0x0010d718       0xb4 c:/devkitpro/devkitarm/bin/../lib/gcc/arm-none-eabi/7.1.0/../../../../arm-none-eabi/lib/armv6k/fpu\libg.a(lib_a-mbrtowc.o)
                0x0010d718                _mbrtowc_r
 .text.__utf8_mbtowc
                0x0010d7cc      0x2fc c:/devkitpro/devkitarm/bin/../lib/gcc/arm-none-eabi/7.1.0/../../../../arm-none-eabi/lib/armv6k/fpu\libg.a(lib_a-mbtowc_r.o)
                0x0010d7cc                __utf8_mbtowc
 .text.memmove  0x0010dac8      0x13c c:/devkitpro/devkitarm/bin/../lib/gcc/arm-none-eabi/7.1.0/../../../../arm-none-eabi/lib/armv6k/fpu\libg.a(lib_a-memmove.o)
                0x0010dac8                memmove
 .text._realloc_r
                0x0010dc04      0x4d0 c:/devkitpro/devkitarm/bin/../lib/gcc/arm-none-eabi/7.1.0/../../../../arm-none-eabi/lib/armv6k/fpu\libg.a(lib_a-reallocr.o)
                0x0010dc04                _realloc_r
 .text.__sccl   0x0010e0d4       0xcc c:/devkitpro/devkitarm/bin/../lib/gcc/arm-none-eabi/7.1.0/../../../../arm-none-eabi/lib/armv6k/fpu\libg.a(lib_a-sccl.o)
                0x0010e0d4                __sccl
 .text.nanf     0x0010e1a0        0xc c:/devkitpro/devkitarm/bin/../lib/gcc/arm-none-eabi/7.1.0/../../../../arm-none-eabi/lib/armv6k/fpu\libg.a(lib_a-sf_nan.o)
                0x0010e1a0                nanf
 .text.sprintf  0x0010e1ac       0x64 c:/devkitpro/devkitarm/bin/../lib/gcc/arm-none-eabi/7.1.0/../../../../arm-none-eabi/lib/armv6k/fpu\libg.a(lib_a-sprintf.o)
                0x0010e1ac                sprintf
 .text.stpncpy  0x0010e210       0xf8 c:/devkitpro/devkitarm/bin/../lib/gcc/arm-none-eabi/7.1.0/../../../../arm-none-eabi/lib/armv6k/fpu\libg.a(lib_a-stpncpy.o)
                0x0010e210                stpncpy
 .text.strchr   0x0010e308      0x180 c:/devkitpro/devkitarm/bin/../lib/gcc/arm-none-eabi/7.1.0/../../../../arm-none-eabi/lib/armv6k/fpu\libg.a(lib_a-strchr.o)
                0x0010e308                strchr
 .text.strncmp  0x0010e488       0xf8 c:/devkitpro/devkitarm/bin/../lib/gcc/arm-none-eabi/7.1.0/../../../../arm-none-eabi/lib/armv6k/fpu\libg.a(lib_a-strncmp.o)
                0x0010e488                strncmp
 .text.unlikely.sulp
                0x0010e580       0x54 c:/devkitpro/devkitarm/bin/../lib/gcc/arm-none-eabi/7.1.0/../../../../arm-none-eabi/lib/armv6k/fpu\libg.a(lib_a-strtod.o)
 *fill*         0x0010e5d4        0x4 
 .text._strtod_l
                0x0010e5d8     0x1464 c:/devkitpro/devkitarm/bin/../lib/gcc/arm-none-eabi/7.1.0/../../../../arm-none-eabi/lib/armv6k/fpu\libg.a(lib_a-strtod.o)
                0x0010e5d8                _strtod_l
 .text._strtod_r
                0x0010fa3c       0x3c c:/devkitpro/devkitarm/bin/../lib/gcc/arm-none-eabi/7.1.0/../../../../arm-none-eabi/lib/armv6k/fpu\libg.a(lib_a-strtod.o)
                0x0010fa3c                _strtod_r
 .text._strtoll_l.isra.0
                0x0010fa78      0x274 c:/devkitpro/devkitarm/bin/../lib/gcc/arm-none-eabi/7.1.0/../../../../arm-none-eabi/lib/armv6k/fpu\libg.a(lib_a-strtoll.o)
 .text._strtoll_r
                0x0010fcec       0x50 c:/devkitpro/devkitarm/bin/../lib/gcc/arm-none-eabi/7.1.0/../../../../arm-none-eabi/lib/armv6k/fpu\libg.a(lib_a-strtoll.o)
                0x0010fcec                _strtoll_r
 .text._strtol_l.isra.0
                0x0010fd3c      0x1bc c:/devkitpro/devkitarm/bin/../lib/gcc/arm-none-eabi/7.1.0/../../../../arm-none-eabi/lib/armv6k/fpu\libg.a(lib_a-strtol.o)
 .text._strtol_r
                0x0010fef8       0x50 c:/devkitpro/devkitarm/bin/../lib/gcc/arm-none-eabi/7.1.0/../../../../arm-none-eabi/lib/armv6k/fpu\libg.a(lib_a-strtol.o)
                0x0010fef8                _strtol_r
 .text._strtoull_l.isra.0
                0x0010ff48      0x260 c:/devkitpro/devkitarm/bin/../lib/gcc/arm-none-eabi/7.1.0/../../../../arm-none-eabi/lib/armv6k/fpu\libg.a(lib_a-strtoull.o)
 .text._strtoull_r
                0x001101a8       0x50 c:/devkitpro/devkitarm/bin/../lib/gcc/arm-none-eabi/7.1.0/../../../../arm-none-eabi/lib/armv6k/fpu\libg.a(lib_a-strtoull.o)
                0x001101a8                _strtoull_r
 .text._strtoul_l.isra.0
                0x001101f8      0x1d0 c:/devkitpro/devkitarm/bin/../lib/gcc/arm-none-eabi/7.1.0/../../../../arm-none-eabi/lib/armv6k/fpu\libg.a(lib_a-strtoul.o)
 .text._strtoul_r
                0x001103c8       0x50 c:/devkitpro/devkitarm/bin/../lib/gcc/arm-none-eabi/7.1.0/../../../../arm-none-eabi/lib/armv6k/fpu\libg.a(lib_a-strtoul.o)
                0x001103c8                _strtoul_r
 .text.__ssprint_r
                0x00110418      0x188 c:/devkitpro/devkitarm/bin/../lib/gcc/arm-none-eabi/7.1.0/../../../../arm-none-eabi/lib/armv6k/fpu\libg.a(lib_a-svfiprintf.o)
                0x00110418                __ssprint_r
 .text._sungetc_r
                0x001105a0       0xdc c:/devkitpro/devkitarm/bin/../lib/gcc/arm-none-eabi/7.1.0/../../../../arm-none-eabi/lib/armv6k/fpu\libg.a(lib_a-svfiscanf.o)
                0x001105a0                _sungetc_r
 .text.__ssrefill_r
                0x0011067c       0x6c c:/devkitpro/devkitarm/bin/../lib/gcc/arm-none-eabi/7.1.0/../../../../arm-none-eabi/lib/armv6k/fpu\libg.a(lib_a-svfiscanf.o)
                0x0011067c                __ssrefill_r
 .text._sfread_r
                0x001106e8       0xc8 c:/devkitpro/devkitarm/bin/../lib/gcc/arm-none-eabi/7.1.0/../../../../arm-none-eabi/lib/armv6k/fpu\libg.a(lib_a-svfiscanf.o)
                0x001106e8                _sfread_r
 .text.get_arg  0x001107b0     0x74a0 c:/devkitpro/devkitarm/bin/../lib/gcc/arm-none-eabi/7.1.0/../../../../arm-none-eabi/lib/armv6k/fpu\libg.a(lib_a-svfprintf.o)
 .text._svfprintf_r
                0x00117c50     0x3e2c c:/devkitpro/devkitarm/bin/../lib/gcc/arm-none-eabi/7.1.0/../../../../arm-none-eabi/lib/armv6k/fpu\libg.a(lib_a-svfprintf.o)
                0x00117c50                _svfprintf_r
 .text.__submore
                0x0011ba7c       0xa4 c:/devkitpro/devkitarm/bin/../lib/gcc/arm-none-eabi/7.1.0/../../../../arm-none-eabi/lib/armv6k/fpu\libg.a(lib_a-ungetc.o)
                0x0011ba7c                __submore
 .text._wcsnrtombs_l
                0x0011bb20      0x170 c:/devkitpro/devkitarm/bin/../lib/gcc/arm-none-eabi/7.1.0/../../../../arm-none-eabi/lib/armv6k/fpu\libg.a(lib_a-wcsnrtombs.o)
                0x0011bb20                _wcsnrtombs_l
 .text._wcsnrtombs_r
                0x0011bc90       0x64 c:/devkitpro/devkitarm/bin/../lib/gcc/arm-none-eabi/7.1.0/../../../../arm-none-eabi/lib/armv6k/fpu\libg.a(lib_a-wcsnrtombs.o)
                0x0011bc90                _wcsnrtombs_r
 .text.__utf8_wctomb
                0x0011bcf4       0xe8 c:/devkitpro/devkitarm/bin/../lib/gcc/arm-none-eabi/7.1.0/../../../../arm-none-eabi/lib/armv6k/fpu\libg.a(lib_a-wctomb_r.o)
                0x0011bcf4                __utf8_wctomb
 .text.quorem   0x0011bddc      0x1bc c:/devkitpro/devkitarm/bin/../lib/gcc/arm-none-eabi/7.1.0/../../../../arm-none-eabi/lib/armv6k/fpu\libg.a(lib_a-dtoa.o)
 .text._dtoa_r  0x0011bf98     0x1224 c:/devkitpro/devkitarm/bin/../lib/gcc/arm-none-eabi/7.1.0/../../../../arm-none-eabi/lib/armv6k/fpu\libg.a(lib_a-dtoa.o)
                0x0011bf98                _dtoa_r
 .text._fclose_r
                0x0011d1bc      0x164 c:/devkitpro/devkitarm/bin/../lib/gcc/arm-none-eabi/7.1.0/../../../../arm-none-eabi/lib/armv6k/fpu\libg.a(lib_a-fclose.o)
                0x0011d1bc                _fclose_r
 .text.rshift   0x0011d320      0x104 c:/devkitpro/devkitarm/bin/../lib/gcc/arm-none-eabi/7.1.0/../../../../arm-none-eabi/lib/armv6k/fpu\libg.a(lib_a-gdtoa-gethex.o)
 .text.__gethex
                0x0011d424      0x7f8 c:/devkitpro/devkitarm/bin/../lib/gcc/arm-none-eabi/7.1.0/../../../../arm-none-eabi/lib/armv6k/fpu\libg.a(lib_a-gdtoa-gethex.o)
                0x0011d424                __gethex
 .text.__match  0x0011dc1c       0x60 c:/devkitpro/devkitarm/bin/../lib/gcc/arm-none-eabi/7.1.0/../../../../arm-none-eabi/lib/armv6k/fpu\libg.a(lib_a-gdtoa-hexnan.o)
                0x0011dc1c                __match
 .text.__hexnan
                0x0011dc7c      0x254 c:/devkitpro/devkitarm/bin/../lib/gcc/arm-none-eabi/7.1.0/../../../../arm-none-eabi/lib/armv6k/fpu\libg.a(lib_a-gdtoa-hexnan.o)
                0x0011dc7c                __hexnan
 .text._Balloc  0x0011ded0       0x88 c:/devkitpro/devkitarm/bin/../lib/gcc/arm-none-eabi/7.1.0/../../../../arm-none-eabi/lib/armv6k/fpu\libg.a(lib_a-mprec.o)
                0x0011ded0                _Balloc
 .text._Bfree   0x0011df58       0x1c c:/devkitpro/devkitarm/bin/../lib/gcc/arm-none-eabi/7.1.0/../../../../arm-none-eabi/lib/armv6k/fpu\libg.a(lib_a-mprec.o)
                0x0011df58                _Bfree
 .text.__multadd
                0x0011df74       0xd0 c:/devkitpro/devkitarm/bin/../lib/gcc/arm-none-eabi/7.1.0/../../../../arm-none-eabi/lib/armv6k/fpu\libg.a(lib_a-mprec.o)
                0x0011df74                __multadd
 .text.__s2b    0x0011e044       0xe0 c:/devkitpro/devkitarm/bin/../lib/gcc/arm-none-eabi/7.1.0/../../../../arm-none-eabi/lib/armv6k/fpu\libg.a(lib_a-mprec.o)
                0x0011e044                __s2b
 .text.__hi0bits
                0x0011e124       0x58 c:/devkitpro/devkitarm/bin/../lib/gcc/arm-none-eabi/7.1.0/../../../../arm-none-eabi/lib/armv6k/fpu\libg.a(lib_a-mprec.o)
                0x0011e124                __hi0bits
 .text.__lo0bits
                0x0011e17c       0x9c c:/devkitpro/devkitarm/bin/../lib/gcc/arm-none-eabi/7.1.0/../../../../arm-none-eabi/lib/armv6k/fpu\libg.a(lib_a-mprec.o)
                0x0011e17c                __lo0bits
 .text.__i2b    0x0011e218       0x20 c:/devkitpro/devkitarm/bin/../lib/gcc/arm-none-eabi/7.1.0/../../../../arm-none-eabi/lib/armv6k/fpu\libg.a(lib_a-mprec.o)
                0x0011e218                __i2b
 .text.__multiply
                0x0011e238      0x1d4 c:/devkitpro/devkitarm/bin/../lib/gcc/arm-none-eabi/7.1.0/../../../../arm-none-eabi/lib/armv6k/fpu\libg.a(lib_a-mprec.o)
                0x0011e238                __multiply
 .text.__pow5mult
                0x0011e40c      0x100 c:/devkitpro/devkitarm/bin/../lib/gcc/arm-none-eabi/7.1.0/../../../../arm-none-eabi/lib/armv6k/fpu\libg.a(lib_a-mprec.o)
                0x0011e40c                __pow5mult
 .text.__lshift
                0x0011e50c       0xe8 c:/devkitpro/devkitarm/bin/../lib/gcc/arm-none-eabi/7.1.0/../../../../arm-none-eabi/lib/armv6k/fpu\libg.a(lib_a-mprec.o)
                0x0011e50c                __lshift
 .text.__mcmp   0x0011e5f4       0x5c c:/devkitpro/devkitarm/bin/../lib/gcc/arm-none-eabi/7.1.0/../../../../arm-none-eabi/lib/armv6k/fpu\libg.a(lib_a-mprec.o)
                0x0011e5f4                __mcmp
 .text.__mdiff  0x0011e650      0x168 c:/devkitpro/devkitarm/bin/../lib/gcc/arm-none-eabi/7.1.0/../../../../arm-none-eabi/lib/armv6k/fpu\libg.a(lib_a-mprec.o)
                0x0011e650                __mdiff
 .text.__ulp    0x0011e7b8       0x78 c:/devkitpro/devkitarm/bin/../lib/gcc/arm-none-eabi/7.1.0/../../../../arm-none-eabi/lib/armv6k/fpu\libg.a(lib_a-mprec.o)
                0x0011e7b8                __ulp
 .text.__b2d    0x0011e830       0xd0 c:/devkitpro/devkitarm/bin/../lib/gcc/arm-none-eabi/7.1.0/../../../../arm-none-eabi/lib/armv6k/fpu\libg.a(lib_a-mprec.o)
                0x0011e830                __b2d
 .text.__d2b    0x0011e900      0x104 c:/devkitpro/devkitarm/bin/../lib/gcc/arm-none-eabi/7.1.0/../../../../arm-none-eabi/lib/armv6k/fpu\libg.a(lib_a-mprec.o)
                0x0011e900                __d2b
 .text.__ratio  0x0011ea04       0x84 c:/devkitpro/devkitarm/bin/../lib/gcc/arm-none-eabi/7.1.0/../../../../arm-none-eabi/lib/armv6k/fpu\libg.a(lib_a-mprec.o)
                0x0011ea04                __ratio
 .text.__copybits
                0x0011ea88       0x88 c:/devkitpro/devkitarm/bin/../lib/gcc/arm-none-eabi/7.1.0/../../../../arm-none-eabi/lib/armv6k/fpu\libg.a(lib_a-mprec.o)
                0x0011ea88                __copybits
 .text.__any_on
                0x0011eb10       0x78 c:/devkitpro/devkitarm/bin/../lib/gcc/arm-none-eabi/7.1.0/../../../../arm-none-eabi/lib/armv6k/fpu\libg.a(lib_a-mprec.o)
                0x0011eb10                __any_on
 .text.frexp    0x0011eb88       0x9c c:/devkitpro/devkitarm/bin/../lib/gcc/arm-none-eabi/7.1.0/../../../../arm-none-eabi/lib/armv6k/fpu\libg.a(lib_a-s_frexp.o)
                0x0011eb88                frexp
 .text._calloc_r
                0x0011ec24       0x90 c:/devkitpro/devkitarm/bin/../lib/gcc/arm-none-eabi/7.1.0/../../../../arm-none-eabi/lib/armv6k/fpu\libg.a(lib_a-callocr.o)
                0x0011ec24                _calloc_r
 .text.null_write
                0x0011ecb4        0x8 c:/devkitpro/devkitarm/bin/../lib/gcc/arm-none-eabi/7.1.0/../../../../arm-none-eabi/lib/armv6k/fpu\libsysbase.a(iosupport.o)
 .text.setDefaultDevice
                0x0011ecbc       0x18 c:/devkitpro/devkitarm/bin/../lib/gcc/arm-none-eabi/7.1.0/../../../../arm-none-eabi/lib/armv6k/fpu\libsysbase.a(iosupport.o)
                0x0011ecbc                setDefaultDevice
 .text.FindDevice
                0x0011ecd4       0xcc c:/devkitpro/devkitarm/bin/../lib/gcc/arm-none-eabi/7.1.0/../../../../arm-none-eabi/lib/armv6k/fpu\libsysbase.a(iosupport.o)
                0x0011ecd4                FindDevice
 .text.RemoveDevice
                0x0011eda0       0x28 c:/devkitpro/devkitarm/bin/../lib/gcc/arm-none-eabi/7.1.0/../../../../arm-none-eabi/lib/armv6k/fpu\libsysbase.a(iosupport.o)
                0x0011eda0                RemoveDevice
 .text.AddDevice
                0x0011edc8       0x98 c:/devkitpro/devkitarm/bin/../lib/gcc/arm-none-eabi/7.1.0/../../../../arm-none-eabi/lib/armv6k/fpu\libsysbase.a(iosupport.o)
                0x0011edc8                AddDevice
 .text._close_r
                0x0011ee60       0x84 c:/devkitpro/devkitarm/bin/../lib/gcc/arm-none-eabi/7.1.0/../../../../arm-none-eabi/lib/armv6k/fpu\libsysbase.a(close.o)
                0x0011ee60                _close_r
 .text._fstat_r
                0x0011eee4       0x74 c:/devkitpro/devkitarm/bin/../lib/gcc/arm-none-eabi/7.1.0/../../../../arm-none-eabi/lib/armv6k/fpu\libsysbase.a(fstat.o)
                0x0011eee4                _fstat_r
 .text._isatty_r
                0x0011ef58        0x8 c:/devkitpro/devkitarm/bin/../lib/gcc/arm-none-eabi/7.1.0/../../../../arm-none-eabi/lib/armv6k/fpu\libsysbase.a(isatty.o)
                0x0011ef58                _isatty_r
 .text._lseek_r
                0x0011ef60       0x84 c:/devkitpro/devkitarm/bin/../lib/gcc/arm-none-eabi/7.1.0/../../../../arm-none-eabi/lib/armv6k/fpu\libsysbase.a(lseek.o)
                0x0011ef60                _lseek_r
 .text._read_r  0x0011efe4       0x80 c:/devkitpro/devkitarm/bin/../lib/gcc/arm-none-eabi/7.1.0/../../../../arm-none-eabi/lib/armv6k/fpu\libsysbase.a(read.o)
                0x0011efe4                _read_r
 .text._sbrk_r  0x0011f064       0x70 c:/devkitpro/devkitarm/bin/../lib/gcc/arm-none-eabi/7.1.0/../../../../arm-none-eabi/lib/armv6k/fpu\libsysbase.a(sbrk.o)
                0x0011f064                _sbrk_r
 .text._write_r
                0x0011f0d4       0x80 c:/devkitpro/devkitarm/bin/../lib/gcc/arm-none-eabi/7.1.0/../../../../arm-none-eabi/lib/armv6k/fpu\libsysbase.a(write.o)
                0x0011f0d4                _write_r
 .text._concatenate_path
                0x0011f154      0x1cc c:/devkitpro/devkitarm/bin/../lib/gcc/arm-none-eabi/7.1.0/../../../../arm-none-eabi/lib/armv6k/fpu\libsysbase.a(chdir.o)
                0x0011f154                _concatenate_path
 .text.chdir    0x0011f320      0x15c c:/devkitpro/devkitarm/bin/../lib/gcc/arm-none-eabi/7.1.0/../../../../arm-none-eabi/lib/armv6k/fpu\libsysbase.a(chdir.o)
                0x0011f320                chdir
 .text.__flockfile
                0x0011f47c        0x8 c:/devkitpro/devkitarm/bin/../lib/gcc/arm-none-eabi/7.1.0/../../../../arm-none-eabi/lib/armv6k/fpu\libsysbase.a(flock.o)
                0x0011f47c                __flockfile
 .text.__funlockfile
                0x0011f484        0x8 c:/devkitpro/devkitarm/bin/../lib/gcc/arm-none-eabi/7.1.0/../../../../arm-none-eabi/lib/armv6k/fpu\libsysbase.a(flock.o)
                0x0011f484                __funlockfile
 .text.__libc_lock_acquire
                0x0011f48c       0x18 c:/devkitpro/devkitarm/bin/../lib/gcc/arm-none-eabi/7.1.0/../../../../arm-none-eabi/lib/armv6k/fpu\libsysbase.a(syscall_support.o)
                0x0011f48c                __libc_lock_acquire
 .text.__libc_lock_release
                0x0011f4a4       0x18 c:/devkitpro/devkitarm/bin/../lib/gcc/arm-none-eabi/7.1.0/../../../../arm-none-eabi/lib/armv6k/fpu\libsysbase.a(syscall_support.o)
                0x0011f4a4                __libc_lock_release
 .text.__libc_lock_init_recursive
                0x0011f4bc       0x18 c:/devkitpro/devkitarm/bin/../lib/gcc/arm-none-eabi/7.1.0/../../../../arm-none-eabi/lib/armv6k/fpu\libsysbase.a(syscall_support.o)
                0x0011f4bc                __libc_lock_init_recursive
 .text.__libc_lock_acquire_recursive
                0x0011f4d4       0x18 c:/devkitpro/devkitarm/bin/../lib/gcc/arm-none-eabi/7.1.0/../../../../arm-none-eabi/lib/armv6k/fpu\libsysbase.a(syscall_support.o)
                0x0011f4d4                __libc_lock_acquire_recursive
 .text.__libc_lock_release_recursive
                0x0011f4ec       0x18 c:/devkitpro/devkitarm/bin/../lib/gcc/arm-none-eabi/7.1.0/../../../../arm-none-eabi/lib/armv6k/fpu\libsysbase.a(syscall_support.o)
                0x0011f4ec                __libc_lock_release_recursive
 .text.__libc_lock_close_recursive
                0x0011f504       0x18 c:/devkitpro/devkitarm/bin/../lib/gcc/arm-none-eabi/7.1.0/../../../../arm-none-eabi/lib/armv6k/fpu\libsysbase.a(syscall_support.o)
                0x0011f504                __libc_lock_close_recursive
 .text.__release_handle
                0x0011f51c       0x8c c:/devkitpro/devkitarm/bin/../lib/gcc/arm-none-eabi/7.1.0/../../../../arm-none-eabi/lib/armv6k/fpu\libsysbase.a(handle_manager.o)
                0x0011f51c                __release_handle
 .text.__get_handle
                0x0011f5a8       0x18 c:/devkitpro/devkitarm/bin/../lib/gcc/arm-none-eabi/7.1.0/../../../../arm-none-eabi/lib/armv6k/fpu\libsysbase.a(handle_manager.o)
                0x0011f5a8                __get_handle
 .text.__getreent
                0x0011f5c0       0x28 c:/devkitpro/devkitarm/bin/../lib/gcc/arm-none-eabi/7.1.0/../../../../arm-none-eabi/lib/armv6k/fpu\libsysbase.a(getreent.o)
                0x0011f5c0                __getreent
 .text.strrchr  0x0011f5e8       0x44 c:/devkitpro/devkitarm/bin/../lib/gcc/arm-none-eabi/7.1.0/../../../../arm-none-eabi/lib/armv6k/fpu\libg.a(lib_a-strrchr.o)
                0x0011f5e8                strrchr
 *(.glue_7)
 .glue_7        0x0011f62c        0x0 linker stubs
 *(.glue_7t)
 .glue_7t       0x0011f62c        0x0 linker stubs
 *(.stub)
 *(.gnu.warning)
 *(.gnu.linkonce.t*)
                0x0011f62c                . = ALIGN (0x4)
 *(.fini)
 .fini          0x0011f62c        0xc c:/devkitpro/devkitarm/bin/../lib/gcc/arm-none-eabi/7.1.0/armv6k/fpu/crti.o
                0x0011f62c                _fini
 .fini          0x0011f638        0xc c:/devkitpro/devkitarm/bin/../lib/gcc/arm-none-eabi/7.1.0/armv6k/fpu/crtn.o
                0x0011f644                . = ALIGN (0x4)

.vfp11_veneer   0x0011f644        0x0
 .vfp11_veneer  0x0011f644        0x0 linker stubs

.v4_bx          0x0011f644        0x0
 .v4_bx         0x0011f644        0x0 linker stubs

.iplt           0x0011f644        0x0
 .iplt          0x0011f644        0x0 c:/devkitpro/devkitarm/bin/../lib/gcc/arm-none-eabi/7.1.0/../../../../arm-none-eabi/lib/armv6k/fpu/3dsx_crt0.o
                0x00120000                . = ALIGN (0x1000)

.rodata         0x00120000     0x4618
 *(.rodata)
 .rodata        0x00120000      0x804 c:/devkitPro/libctru/lib\libctru.a(default_font.bin.o)
                0x00120000                default_font_bin
                0x00120800                default_font_bin_size
                0x00120800                default_font_bin_end
 .rodata        0x00120804        0xc c:/devkitPro/libctru/lib\libctru.a(sdmc_dev.o)
 *(.roda)
 *(.rodata.*)
 .rodata.str1.4
                0x00120810       0xc7 main.o
 *fill*         0x001208d7        0x1 
 .rodata.CSWTCH.28
                0x001208d8       0x14 c:/devkitPro/libctru/lib\libctru.a(gfx.o)
 .rodata.framebufferInfoSt
                0x001208ec        0x8 c:/devkitPro/libctru/lib\libctru.a(gfx.o)
 .rodata.colorTable
                0x001208f4       0x30 c:/devkitPro/libctru/lib\libctru.a(console.o)
 .rodata.con_write.str1.4
                0x00120924       0x52 c:/devkitPro/libctru/lib\libctru.a(console.o)
 *fill*         0x00120976        0x2 
 .rodata.dotab_stdout
                0x00120978       0x68 c:/devkitPro/libctru/lib\libctru.a(console.o)
 .rodata.str1.4
                0x001209e0       0x10 c:/devkitPro/libctru/lib\libctru.a(console.o)
 .rodata.hidInit.str1.4
                0x001209f0       0x15 c:/devkitPro/libctru/lib\libctru.a(hid.o)
 *fill*         0x00120a05        0x3 
 .rodata.aptSendCommand.str1.4
                0x00120a08        0x6 c:/devkitPro/libctru/lib\libctru.a(apt.o)
 *fill*         0x00120a0e        0x2 
 .rodata.serviceNameTable.7545
                0x00120a10        0xc c:/devkitPro/libctru/lib\libctru.a(apt.o)
 .rodata.str1.4
                0x00120a1c        0xe c:/devkitPro/libctru/lib\libctru.a(apt.o)
 *fill*         0x00120a2a        0x2 
 .rodata.gspInit.str1.4
                0x00120a2c        0x9 c:/devkitPro/libctru/lib\libctru.a(gspgpu.o)
 *fill*         0x00120a35        0x3 
 .rodata.irrstInit.str1.4
                0x00120a38        0x7 c:/devkitPro/libctru/lib\libctru.a(irrst.o)
 *fill*         0x00120a3f        0x1 
 .rodata.srvInit.str1.4
                0x00120a40        0x5 c:/devkitPro/libctru/lib\libctru.a(srv.o)
 *fill*         0x00120a45        0x3 
 .rodata.ptmSysmInit.str1.4
                0x00120a48        0x9 c:/devkitPro/libctru/lib\libctru.a(ptmsysm.o)
 *fill*         0x00120a51        0x3 
 .rodata.error_table
                0x00120a54       0x30 c:/devkitPro/libctru/lib\libctru.a(sdmc_dev.o)
 .rodata.sdmcExit.str1.4
                0x00120a84        0x6 c:/devkitPro/libctru/lib\libctru.a(sdmc_dev.o)
 *fill*         0x00120a8a        0x2 
 .rodata.str1.4
                0x00120a8c        0x5 c:/devkitPro/libctru/lib\libctru.a(sdmc_dev.o)
                                  0x9 (size before relaxing)
 *fill*         0x00120a91        0x3 
 .rodata.fsInit.str1.4
                0x00120a94        0x8 c:/devkitPro/libctru/lib\libctru.a(fs.o)
 .rodata._puts_r.str1.4
                0x00120a9c        0x2 c:/devkitpro/devkitarm/bin/../lib/gcc/arm-none-eabi/7.1.0/../../../../arm-none-eabi/lib/armv6k/fpu\libg.a(lib_a-puts.o)
 *fill*         0x00120a9e        0x2 
 .rodata.__ssvfscanf_r.str1.4
                0x00120aa0        0x5 c:/devkitpro/devkitarm/bin/../lib/gcc/arm-none-eabi/7.1.0/../../../../arm-none-eabi/lib/armv6k/fpu\libg.a(lib_a-svfscanf.o)
 *fill*         0x00120aa5        0x3 
 .rodata.basefix.8603
                0x00120aa8       0x22 c:/devkitpro/devkitarm/bin/../lib/gcc/arm-none-eabi/7.1.0/../../../../arm-none-eabi/lib/armv6k/fpu\libg.a(lib_a-svfscanf.o)
 *fill*         0x00120aca        0x2 
 .rodata._jp2uc.str1.4
                0x00120acc       0x12 c:/devkitpro/devkitarm/bin/../lib/gcc/arm-none-eabi/7.1.0/../../../../arm-none-eabi/lib/armv6k/fpu\libg.a(lib_a-jp2uc.o)
 *fill*         0x00120ade        0x2 
 .rodata.a1     0x00120ae0       0xbc c:/devkitpro/devkitarm/bin/../lib/gcc/arm-none-eabi/7.1.0/../../../../arm-none-eabi/lib/armv6k/fpu\libg.a(lib_a-jp2uc.o)
 .rodata.a2     0x00120b9c       0xbc c:/devkitpro/devkitarm/bin/../lib/gcc/arm-none-eabi/7.1.0/../../../../arm-none-eabi/lib/armv6k/fpu\libg.a(lib_a-jp2uc.o)
 .rodata.a3     0x00120c58       0x5b c:/devkitpro/devkitarm/bin/../lib/gcc/arm-none-eabi/7.1.0/../../../../arm-none-eabi/lib/armv6k/fpu\libg.a(lib_a-jp2uc.o)
 *fill*         0x00120cb3        0x1 
 .rodata.a6     0x00120cb4       0x70 c:/devkitpro/devkitarm/bin/../lib/gcc/arm-none-eabi/7.1.0/../../../../arm-none-eabi/lib/armv6k/fpu\libg.a(lib_a-jp2uc.o)
 .rodata.a7     0x00120d24       0xa2 c:/devkitpro/devkitarm/bin/../lib/gcc/arm-none-eabi/7.1.0/../../../../arm-none-eabi/lib/armv6k/fpu\libg.a(lib_a-jp2uc.o)
 *fill*         0x00120dc6        0x2 
 .rodata.a8     0x00120dc8       0x40 c:/devkitpro/devkitarm/bin/../lib/gcc/arm-none-eabi/7.1.0/../../../../arm-none-eabi/lib/armv6k/fpu\libg.a(lib_a-jp2uc.o)
 .rodata.b02cf  0x00120e08     0x172a c:/devkitpro/devkitarm/bin/../lib/gcc/arm-none-eabi/7.1.0/../../../../arm-none-eabi/lib/armv6k/fpu\libg.a(lib_a-jp2uc.o)
 *fill*         0x00122532        0x2 
 .rodata.d02f4  0x00122534     0x1a7c c:/devkitpro/devkitarm/bin/../lib/gcc/arm-none-eabi/7.1.0/../../../../arm-none-eabi/lib/armv6k/fpu\libg.a(lib_a-jp2uc.o)
 .rodata.str1.4
                0x00123fb0       0x48 c:/devkitpro/devkitarm/bin/../lib/gcc/arm-none-eabi/7.1.0/../../../../arm-none-eabi/lib/armv6k/fpu\libg.a(lib_a-locale.o)
                                 0x4c (size before relaxing)
 .rodata._mbrtowc_r.str1.4
                0x00123ff8        0x1 c:/devkitpro/devkitarm/bin/../lib/gcc/arm-none-eabi/7.1.0/../../../../arm-none-eabi/lib/armv6k/fpu\libg.a(lib_a-mbrtowc.o)
 .rodata._strtod_l.str1.4
                0x00123ff8        0xf c:/devkitpro/devkitarm/bin/../lib/gcc/arm-none-eabi/7.1.0/../../../../arm-none-eabi/lib/armv6k/fpu\libg.a(lib_a-strtod.o)
 *fill*         0x00124007        0x1 
 .rodata.fpi.7439
                0x00124008       0x14 c:/devkitpro/devkitarm/bin/../lib/gcc/arm-none-eabi/7.1.0/../../../../arm-none-eabi/lib/armv6k/fpu\libg.a(lib_a-strtod.o)
 .rodata.fpinan.7475
                0x0012401c       0x14 c:/devkitpro/devkitarm/bin/../lib/gcc/arm-none-eabi/7.1.0/../../../../arm-none-eabi/lib/armv6k/fpu\libg.a(lib_a-strtod.o)
 .rodata.tinytens
                0x00124030       0x28 c:/devkitpro/devkitarm/bin/../lib/gcc/arm-none-eabi/7.1.0/../../../../arm-none-eabi/lib/armv6k/fpu\libg.a(lib_a-strtod.o)
 .rodata.__action_table
                0x00124058       0x6c c:/devkitpro/devkitarm/bin/../lib/gcc/arm-none-eabi/7.1.0/../../../../arm-none-eabi/lib/armv6k/fpu\libg.a(lib_a-svfiprintf.o)
                0x00124058                __action_table
 .rodata.__chclass
                0x001240c4      0x100 c:/devkitpro/devkitarm/bin/../lib/gcc/arm-none-eabi/7.1.0/../../../../arm-none-eabi/lib/armv6k/fpu\libg.a(lib_a-svfiprintf.o)
                0x001240c4                __chclass
 .rodata.__state_table
                0x001241c4       0x6c c:/devkitpro/devkitarm/bin/../lib/gcc/arm-none-eabi/7.1.0/../../../../arm-none-eabi/lib/armv6k/fpu\libg.a(lib_a-svfiprintf.o)
                0x001241c4                __state_table
 .rodata._svfprintf_r.str1.4
                0x00124230       0x42 c:/devkitpro/devkitarm/bin/../lib/gcc/arm-none-eabi/7.1.0/../../../../arm-none-eabi/lib/armv6k/fpu\libg.a(lib_a-svfprintf.o)
 *fill*         0x00124272        0x2 
 .rodata.blanks.8562
                0x00124274       0x10 c:/devkitpro/devkitarm/bin/../lib/gcc/arm-none-eabi/7.1.0/../../../../arm-none-eabi/lib/armv6k/fpu\libg.a(lib_a-svfprintf.o)
 .rodata.zeroes.8563
                0x00124284       0x10 c:/devkitpro/devkitarm/bin/../lib/gcc/arm-none-eabi/7.1.0/../../../../arm-none-eabi/lib/armv6k/fpu\libg.a(lib_a-svfprintf.o)
 .rodata._ctype_
                0x00124294      0x101 c:/devkitpro/devkitarm/bin/../lib/gcc/arm-none-eabi/7.1.0/../../../../arm-none-eabi/lib/armv6k/fpu\libg.a(lib_a-ctype_.o)
                0x00124294                _ctype_
 *fill*         0x00124395        0x3 
 .rodata._dtoa_r.str1.4
                0x00124398       0x10 c:/devkitpro/devkitarm/bin/../lib/gcc/arm-none-eabi/7.1.0/../../../../arm-none-eabi/lib/armv6k/fpu\libg.a(lib_a-dtoa.o)
                                 0x12 (size before relaxing)
 .rodata.__hexdig
                0x001243a8      0x100 c:/devkitpro/devkitarm/bin/../lib/gcc/arm-none-eabi/7.1.0/../../../../arm-none-eabi/lib/armv6k/fpu\libg.a(lib_a-gdtoa-gethex.o)
                0x001243a8                __hexdig
 .rodata.__mprec_bigtens
                0x001244a8       0x28 c:/devkitpro/devkitarm/bin/../lib/gcc/arm-none-eabi/7.1.0/../../../../arm-none-eabi/lib/armv6k/fpu\libg.a(lib_a-mprec.o)
                0x001244a8                __mprec_bigtens
 .rodata.__mprec_tens
                0x001244d0       0xc8 c:/devkitpro/devkitarm/bin/../lib/gcc/arm-none-eabi/7.1.0/../../../../arm-none-eabi/lib/armv6k/fpu\libg.a(lib_a-mprec.o)
                0x001244d0                __mprec_tens
 .rodata.p05.7353
                0x00124598        0xc c:/devkitpro/devkitarm/bin/../lib/gcc/arm-none-eabi/7.1.0/../../../../arm-none-eabi/lib/armv6k/fpu\libg.a(lib_a-mprec.o)
 .rodata.AddDevice.str1.4
                0x001245a4        0x8 c:/devkitpro/devkitarm/bin/../lib/gcc/arm-none-eabi/7.1.0/../../../../arm-none-eabi/lib/armv6k/fpu\libsysbase.a(iosupport.o)
 .rodata.dotab_stdnull
                0x001245ac       0x68 c:/devkitpro/devkitarm/bin/../lib/gcc/arm-none-eabi/7.1.0/../../../../arm-none-eabi/lib/armv6k/fpu\libsysbase.a(iosupport.o)
                0x001245ac                dotab_stdnull
 .rodata.DIRECTORY_PARENT
                0x00124614        0x3 c:/devkitpro/devkitarm/bin/../lib/gcc/arm-none-eabi/7.1.0/../../../../arm-none-eabi/lib/armv6k/fpu\libsysbase.a(chdir.o)
                0x00124614                DIRECTORY_PARENT
 *all.rodata*(*)
 *(.gnu.linkonce.r*)
                0x00124618                . = ALIGN (0x4)
 *fill*         0x00124617        0x1 

.eh_frame       0x00124618        0x0
 .eh_frame      0x00124618        0x0 c:/devkitpro/devkitarm/bin/../lib/gcc/arm-none-eabi/7.1.0/armv6k/fpu/crtbegin.o

.rel.dyn        0x00124618        0x0
 .rel.iplt      0x00124618        0x0 c:/devkitpro/devkitarm/bin/../lib/gcc/arm-none-eabi/7.1.0/../../../../arm-none-eabi/lib/armv6k/fpu/3dsx_crt0.o

.ARM.extab
 *(.ARM.extab* .gnu.linkonce.armextab.*)
                0x00124618                __exidx_start = .

ARM.exidx
 *(.ARM.exidx* .gnu.linkonce.armexidx.*)
                0x00124618                __exidx_end = .
                0x00125000                . = ALIGN (0x1000)

.data           0x00125000     0x2f54
 *(.data)
 .data          0x00125000        0x4 c:/devkitPro/libctru/lib\libctru.a(stack_adjust.o)
                0x00125000                __stacksize__
 *(.data.*)
 .data.botFormat
                0x00125004        0x1 c:/devkitPro/libctru/lib\libctru.a(gfx.o)
 *fill*         0x00125005        0x3 
 .data.doubleBuf
                0x00125008        0x8 c:/devkitPro/libctru/lib\libctru.a(gfx.o)
 .data.topFormat
                0x00125010        0x1 c:/devkitPro/libctru/lib\libctru.a(gfx.o)
 *fill*         0x00125011        0x3 
 .data.currentConsole
                0x00125014        0x4 c:/devkitPro/libctru/lib\libctru.a(console.o)
                0x00125014                currentConsole
 .data.defaultConsole
                0x00125018       0x4c c:/devkitPro/libctru/lib\libctru.a(console.o)
                0x00125018                defaultConsole
 .data.firstConsoleInit.7792
                0x00125064        0x1 c:/devkitPro/libctru/lib\libctru.a(console.o)
 *fill*         0x00125065        0x3 
 .data.aptFlags
                0x00125068        0x4 c:/devkitPro/libctru/lib\libctru.a(apt.o)
 .data.gspLastEvent
                0x0012506c        0x4 c:/devkitPro/libctru/lib\libctru.a(gspgpu.o)
 .data.__ctru_linear_heap_size
                0x00125070        0x4 c:/devkitPro/libctru/lib\libctru.a(allocateHeaps.o)
                0x00125070                __ctru_linear_heap_size
 .data.__cwd    0x00125074      0x401 c:/devkitPro/libctru/lib\libctru.a(sdmc_dev.o)
 *fill*         0x00125475        0x3 
 .data.sdmc_devoptab
                0x00125478       0x68 c:/devkitPro/libctru/lib\libctru.a(sdmc_dev.o)
 .data._impure_ptr
                0x001254e0        0x4 c:/devkitpro/devkitarm/bin/../lib/gcc/arm-none-eabi/7.1.0/../../../../arm-none-eabi/lib/armv6k/fpu\libg.a(lib_a-impure.o)
                0x001254e0                _impure_ptr
 *fill*         0x001254e4        0x4 
 .data.impure_data
                0x001254e8      0x460 c:/devkitpro/devkitarm/bin/../lib/gcc/arm-none-eabi/7.1.0/../../../../arm-none-eabi/lib/armv6k/fpu\libg.a(lib_a-impure.o)
 .data.__malloc_av_
                0x00125948      0x408 c:/devkitpro/devkitarm/bin/../lib/gcc/arm-none-eabi/7.1.0/../../../../arm-none-eabi/lib/armv6k/fpu\libg.a(lib_a-mallocr.o)
                0x00125948                __malloc_av_
 .data.__malloc_sbrk_base
                0x00125d50        0x4 c:/devkitpro/devkitarm/bin/../lib/gcc/arm-none-eabi/7.1.0/../../../../arm-none-eabi/lib/armv6k/fpu\libg.a(lib_a-mallocr.o)
                0x00125d50                __malloc_sbrk_base
 .data.__malloc_trim_threshold
                0x00125d54        0x4 c:/devkitpro/devkitarm/bin/../lib/gcc/arm-none-eabi/7.1.0/../../../../arm-none-eabi/lib/armv6k/fpu\libg.a(lib_a-mallocr.o)
                0x00125d54                __malloc_trim_threshold
 .data.__malloc_lock_object
                0x00125d58        0xc c:/devkitpro/devkitarm/bin/../lib/gcc/arm-none-eabi/7.1.0/../../../../arm-none-eabi/lib/armv6k/fpu\libg.a(lib_a-mlock.o)
 .data.__sfp_lock
                0x00125d64        0xc c:/devkitpro/devkitarm/bin/../lib/gcc/arm-none-eabi/7.1.0/../../../../arm-none-eabi/lib/armv6k/fpu\libg.a(lib_a-findfp.o)
 .data.__sinit_lock
                0x00125d70        0xc c:/devkitpro/devkitarm/bin/../lib/gcc/arm-none-eabi/7.1.0/../../../../arm-none-eabi/lib/armv6k/fpu\libg.a(lib_a-findfp.o)
 .data.__global_locale
                0x00125d7c      0x16c c:/devkitpro/devkitarm/bin/../lib/gcc/arm-none-eabi/7.1.0/../../../../arm-none-eabi/lib/armv6k/fpu\libg.a(lib_a-locale.o)
                0x00125d7c                __global_locale
 .data.defaultDevice
                0x00125ee8        0x4 c:/devkitpro/devkitarm/bin/../lib/gcc/arm-none-eabi/7.1.0/../../../../arm-none-eabi/lib/armv6k/fpu\libsysbase.a(iosupport.o)
 .data.devoptab_list
                0x00125eec       0x40 c:/devkitpro/devkitarm/bin/../lib/gcc/arm-none-eabi/7.1.0/../../../../arm-none-eabi/lib/armv6k/fpu\libsysbase.a(iosupport.o)
                0x00125eec                devoptab_list
 .data._current_working_directory
                0x00125f2c     0x1000 c:/devkitpro/devkitarm/bin/../lib/gcc/arm-none-eabi/7.1.0/../../../../arm-none-eabi/lib/armv6k/fpu\libsysbase.a(chdir.o)
 .data.__hndl_lock
                0x00126f2c        0x4 c:/devkitpro/devkitarm/bin/../lib/gcc/arm-none-eabi/7.1.0/../../../../arm-none-eabi/lib/armv6k/fpu\libsysbase.a(handle_manager.o)
 .data.__stderr_handle
                0x00126f30        0xc c:/devkitpro/devkitarm/bin/../lib/gcc/arm-none-eabi/7.1.0/../../../../arm-none-eabi/lib/armv6k/fpu\libsysbase.a(handle_manager.o)
 .data.__stdin_handle
                0x00126f3c        0xc c:/devkitpro/devkitarm/bin/../lib/gcc/arm-none-eabi/7.1.0/../../../../arm-none-eabi/lib/armv6k/fpu\libsysbase.a(handle_manager.o)
 .data.__stdout_handle
                0x00126f48        0xc c:/devkitpro/devkitarm/bin/../lib/gcc/arm-none-eabi/7.1.0/../../../../arm-none-eabi/lib/armv6k/fpu\libsysbase.a(handle_manager.o)
 .data.handles  0x00126f54     0x1000 c:/devkitpro/devkitarm/bin/../lib/gcc/arm-none-eabi/7.1.0/../../../../arm-none-eabi/lib/armv6k/fpu\libsysbase.a(handle_manager.o)
 *(.gnu.linkonce.d*)
                0x00127f54                . = ALIGN (0x4)

.igot.plt       0x00127f54        0x0
 .igot.plt      0x00127f54        0x0 c:/devkitpro/devkitarm/bin/../lib/gcc/arm-none-eabi/7.1.0/../../../../arm-none-eabi/lib/armv6k/fpu/3dsx_crt0.o

.tm_clone_table
                0x00127f54        0x0
 .tm_clone_table
                0x00127f54        0x0 c:/devkitpro/devkitarm/bin/../lib/gcc/arm-none-eabi/7.1.0/armv6k/fpu/crtbegin.o
 .tm_clone_table
                0x00127f54        0x0 c:/devkitpro/devkitarm/bin/../lib/gcc/arm-none-eabi/7.1.0/armv6k/fpu/crtend.o
                0x00127f54                __TMC_END__

.tdata          0x00127f54        0x0
                0x00127f54                __tdata_lma = .
 *(.tdata)
 *(.tdata.*)
 *(.gnu.linkonce.td.*)
                0x00127f54                . = ALIGN (0x4)
                0x00127f54                __tdata_lma_end = .

.tbss           0x00127f54     0x140c
 *(.tbss)
 *(.tbss.*)
 .tbss.__fixedpath
                0x00127f54      0x401 c:/devkitPro/libctru/lib\libctru.a(sdmc_dev.o)
 *fill*         0x00128355        0x3 
 .tbss.__utf16path
                0x00128358      0x802 c:/devkitPro/libctru/lib\libctru.a(sdmc_dev.o)
 *fill*         0x00128b5a        0x2 
 .tbss.__utf16path_old.7945
                0x00128b5c      0x802 c:/devkitPro/libctru/lib\libctru.a(sdmc_dev.o)
 *(.gnu.linkonce.tb.*)
 *(.tcommon)
                0x00129360                . = ALIGN (0x4)
 *fill*         0x0012935e        0x2 

.preinit_array  0x00127f54        0x0
                0x00127f54                PROVIDE (__preinit_array_start, .)
 *(.preinit_array)
                0x00127f54                PROVIDE (__preinit_array_end, .)

.init_array     0x00127f54        0x4
                0x00127f54                PROVIDE (__init_array_start, .)
 *(SORT(.init_array.*))
 *(.init_array)
 .init_array    0x00127f54        0x4 c:/devkitpro/devkitarm/bin/../lib/gcc/arm-none-eabi/7.1.0/armv6k/fpu/crtbegin.o
                0x00127f58                PROVIDE (__init_array_end, .)

.fini_array     0x00127f58        0x4
                0x00127f58                PROVIDE (__fini_array_start, .)
 *(.fini_array)
 .fini_array    0x00127f58        0x4 c:/devkitpro/devkitarm/bin/../lib/gcc/arm-none-eabi/7.1.0/armv6k/fpu/crtbegin.o
 *(SORT(.fini_array.*))
                0x00127f5c                PROVIDE (__fini_array_end, .)

.ctors
 *crtbegin.o(.ctors)
 *(EXCLUDE_FILE(*crtend.o) .ctors)
 *(SORT(.ctors.*))
 *(.ctors)

.dtors
 *crtbegin.o(.dtors)
 *(EXCLUDE_FILE(*crtend.o) .dtors)
 *(SORT(.dtors.*))
 *(.dtors)
                0x00127f5c                __bss_start__ = .

.bss            0x00127f5c     0x37d8
 *(.dynbss)
 *(.bss)
 .bss           0x00127f5c        0x8 c:/devkitPro/libctru/lib\libctru.a(stack_adjust.o)
 *(.bss.*)
 .bss.completed.7759
                0x00127f64        0x1 c:/devkitpro/devkitarm/bin/../lib/gcc/arm-none-eabi/7.1.0/armv6k/fpu/crtbegin.o
 *fill*         0x00127f65        0x3 
 .bss.object.7764
                0x00127f68       0x18 c:/devkitpro/devkitarm/bin/../lib/gcc/arm-none-eabi/7.1.0/armv6k/fpu/crtbegin.o
 .bss.currentBuffer
                0x00127f80        0x2 c:/devkitPro/libctru/lib\libctru.a(gfx.o)
 .bss.enable3d  0x00127f82        0x1 c:/devkitPro/libctru/lib\libctru.a(gfx.o)
 *fill*         0x00127f83        0x1 
 .bss.screenAlloc
                0x00127f84        0x4 c:/devkitPro/libctru/lib\libctru.a(gfx.o)
 .bss.screenFree
                0x00127f88        0x4 c:/devkitPro/libctru/lib\libctru.a(gfx.o)
 .bss.aVec      0x00127f8c        0x6 c:/devkitPro/libctru/lib\libctru.a(hid.o)
 *fill*         0x00127f92        0x2 
 .bss.cPos      0x00127f94        0x4 c:/devkitPro/libctru/lib\libctru.a(hid.o)
 .bss.gRate     0x00127f98        0x6 c:/devkitPro/libctru/lib\libctru.a(hid.o)
 *fill*         0x00127f9e        0x2 
 .bss.hidRefCount
                0x00127fa0        0x4 c:/devkitPro/libctru/lib\libctru.a(hid.o)
 .bss.kDown     0x00127fa4        0x4 c:/devkitPro/libctru/lib\libctru.a(hid.o)
 .bss.kHeld     0x00127fa8        0x4 c:/devkitPro/libctru/lib\libctru.a(hid.o)
 .bss.kOld      0x00127fac        0x4 c:/devkitPro/libctru/lib\libctru.a(hid.o)
 .bss.kUp       0x00127fb0        0x4 c:/devkitPro/libctru/lib\libctru.a(hid.o)
 .bss.tPos      0x00127fb4        0x4 c:/devkitPro/libctru/lib\libctru.a(hid.o)
 .bss.aptChainloadMediatype
                0x00127fb8        0x1 c:/devkitPro/libctru/lib\libctru.a(apt.o)
 *fill*         0x00127fb9        0x7 
 .bss.aptChainloadTid
                0x00127fc0        0x8 c:/devkitPro/libctru/lib\libctru.a(apt.o)
 .bss.aptEventHandlerThread
                0x00127fc8        0x4 c:/devkitPro/libctru/lib\libctru.a(apt.o)
 .bss.aptEvents
                0x00127fcc        0xc c:/devkitPro/libctru/lib\libctru.a(apt.o)
 .bss.aptFirstHook
                0x00127fd8        0xc c:/devkitPro/libctru/lib\libctru.a(apt.o)
 .bss.aptHomeButtonState
                0x00127fe4        0x1 c:/devkitPro/libctru/lib\libctru.a(apt.o)
 *fill*         0x00127fe5        0x3 
 .bss.aptLockHandle
                0x00127fe8        0x4 c:/devkitPro/libctru/lib\libctru.a(apt.o)
 .bss.aptMessageFunc
                0x00127fec        0x4 c:/devkitPro/libctru/lib\libctru.a(apt.o)
 .bss.aptMessageFuncData
                0x00127ff0        0x4 c:/devkitPro/libctru/lib\libctru.a(apt.o)
 .bss.aptParameters
                0x00127ff4     0x1000 c:/devkitPro/libctru/lib\libctru.a(apt.o)
 .bss.aptRefCount
                0x00128ff4        0x4 c:/devkitPro/libctru/lib\libctru.a(apt.o)
 .bss.aptSleepEvent
                0x00128ff8        0x8 c:/devkitPro/libctru/lib\libctru.a(apt.o)
 .bss.flagInit.7905
                0x00129000        0x1 c:/devkitPro/libctru/lib\libctru.a(apt.o)
 .bss.flagValue.7906
                0x00129001        0x1 c:/devkitPro/libctru/lib\libctru.a(apt.o)
 *fill*         0x00129002        0x2 
 .bss.serviceName.7544
                0x00129004        0x4 c:/devkitPro/libctru/lib\libctru.a(apt.o)
 .bss.gspEvent  0x00129008        0x4 c:/devkitPro/libctru/lib\libctru.a(gspgpu.o)
 .bss.gspEventCb
                0x0012900c       0x1c c:/devkitPro/libctru/lib\libctru.a(gspgpu.o)
 .bss.gspEventCbData
                0x00129028       0x1c c:/devkitPro/libctru/lib\libctru.a(gspgpu.o)
 .bss.gspEventCbOneShot
                0x00129044        0x7 c:/devkitPro/libctru/lib\libctru.a(gspgpu.o)
 *fill*         0x0012904b        0x1 
 .bss.gspEventCounts
                0x0012904c       0x1c c:/devkitPro/libctru/lib\libctru.a(gspgpu.o)
 .bss.gspEventData
                0x00129068        0x4 c:/devkitPro/libctru/lib\libctru.a(gspgpu.o)
 .bss.gspEventThread
                0x0012906c        0x4 c:/devkitPro/libctru/lib\libctru.a(gspgpu.o)
 .bss.gspEvents
                0x00129070       0x38 c:/devkitPro/libctru/lib\libctru.a(gspgpu.o)
 .bss.gspRefCount
                0x001290a8        0x4 c:/devkitPro/libctru/lib\libctru.a(gspgpu.o)
 .bss.gspRunEvents
                0x001290ac        0x1 c:/devkitPro/libctru/lib\libctru.a(gspgpu.o)
 *fill*         0x001290ad        0x3 
 .bss.csPos     0x001290b0        0x4 c:/devkitPro/libctru/lib\libctru.a(irrst.o)
 .bss.irrstRefCount
                0x001290b4        0x4 c:/devkitPro/libctru/lib\libctru.a(irrst.o)
 .bss.kHeld     0x001290b8        0x4 c:/devkitPro/libctru/lib\libctru.a(irrst.o)
 .bss._ZL11sLinearPool
                0x001290bc        0x8 c:/devkitPro/libctru/lib\libctru.a(linear.o)
 .bss._ZL8sAddrMap
                0x001290c4        0xc c:/devkitPro/libctru/lib\libctru.a(linear.o)
 .bss._ZL13sMappablePool
                0x001290d0        0x8 c:/devkitPro/libctru/lib\libctru.a(mappable.o)
 .bss._ZL8sAddrMap
                0x001290d8        0xc c:/devkitPro/libctru/lib\libctru.a(mappable.o)
 .bss._ZL8sAddrMap
                0x001290e4        0xc c:/devkitPro/libctru/lib\libctru.a(vram.o)
 .bss._ZL9sVramPool
                0x001290f0        0x8 c:/devkitPro/libctru/lib\libctru.a(vram.o)
 .bss.srvHandle
                0x001290f8        0x4 c:/devkitPro/libctru/lib\libctru.a(srv.o)
 .bss.srvRefCount
                0x001290fc        0x4 c:/devkitPro/libctru/lib\libctru.a(srv.o)
 .bss.__ctru_speedup
                0x00129100        0x1 c:/devkitPro/libctru/lib\libctru.a(os.o)
                0x00129100                __ctru_speedup
 *fill*         0x00129101        0x3 
 .bss.arbiter   0x00129104        0x4 c:/devkitPro/libctru/lib\libctru.a(synchronization.o)
 .bss.ptmSysmHandle
                0x00129108        0x4 c:/devkitPro/libctru/lib\libctru.a(ptmsysm.o)
 .bss.ptmSysmRefCount
                0x0012910c        0x4 c:/devkitPro/libctru/lib\libctru.a(ptmsysm.o)
 .bss.__ctru_heap_size
                0x00129110        0x4 c:/devkitPro/libctru/lib\libctru.a(allocateHeaps.o)
                0x00129110                __ctru_heap_size
 *fill*         0x00129114        0x4 
 .bss.sdmcArchive
                0x00129118        0x8 c:/devkitPro/libctru/lib\libctru.a(sdmc_dev.o)
 .bss.sdmcInitialised
                0x00129120        0x1 c:/devkitPro/libctru/lib\libctru.a(sdmc_dev.o)
 *fill*         0x00129121        0x7 
 .bss.fsExemptArchives
                0x00129128       0x80 c:/devkitPro/libctru/lib\libctru.a(fs.o)
 .bss.fsuHandle
                0x001291a8        0x4 c:/devkitPro/libctru/lib\libctru.a(fs.o)
 .bss.fsuRefCount
                0x001291ac        0x4 c:/devkitPro/libctru/lib\libctru.a(fs.o)
 .bss.__malloc_current_mallinfo
                0x001291b0       0x28 c:/devkitpro/devkitarm/bin/../lib/gcc/arm-none-eabi/7.1.0/../../../../arm-none-eabi/lib/armv6k/fpu\libg.a(lib_a-mallocr.o)
                0x001291b0                __malloc_current_mallinfo
 .bss.__malloc_max_sbrked_mem
                0x001291d8        0x4 c:/devkitpro/devkitarm/bin/../lib/gcc/arm-none-eabi/7.1.0/../../../../arm-none-eabi/lib/armv6k/fpu\libg.a(lib_a-mallocr.o)
                0x001291d8                __malloc_max_sbrked_mem
 .bss.__malloc_max_total_mem
                0x001291dc        0x4 c:/devkitpro/devkitarm/bin/../lib/gcc/arm-none-eabi/7.1.0/../../../../arm-none-eabi/lib/armv6k/fpu\libg.a(lib_a-mallocr.o)
                0x001291dc                __malloc_max_total_mem
 .bss.__malloc_top_pad
                0x001291e0        0x4 c:/devkitpro/devkitarm/bin/../lib/gcc/arm-none-eabi/7.1.0/../../../../arm-none-eabi/lib/armv6k/fpu\libg.a(lib_a-mallocr.o)
                0x001291e0                __malloc_top_pad
 .bss.heap_start.7089
                0x001291e4        0x4 c:/devkitpro/devkitarm/bin/../lib/gcc/arm-none-eabi/7.1.0/../../../../arm-none-eabi/lib/armv6k/fpu\libsysbase.a(sbrk.o)